Archive member included to satisfy reference by file (symbol)

/home/cameron/Astrobotics/wtfisgoingon/micro_ros_raspberrypi_pico_sdk/micro_ros_raspberrypi_pico_sdk/libmicroros/libmicroros.a(librcl-node.c.obj)
                              CMakeFiles/pico_micro_ros_example.dir/drivesub.c.obj (rcl_node_fini)
/home/cameron/Astrobotics/wtfisgoingon/micro_ros_raspberrypi_pico_sdk/micro_ros_raspberrypi_pico_sdk/libmicroros/libmicroros.a(librcl-node_options.c.obj)
                              /home/cameron/Astrobotics/wtfisgoingon/micro_ros_raspberrypi_pico_sdk/micro_ros_raspberrypi_pico_sdk/libmicroros/libmicroros.a(librcl-node.c.obj) (rcl_node_get_default_options)
/home/cameron/Astrobotics/wtfisgoingon/micro_ros_raspberrypi_pico_sdk/micro_ros_raspberrypi_pico_sdk/libmicroros/libmicroros.a(librcl-subscription.c.obj)
                              CMakeFiles/pico_micro_ros_example.dir/drivesub.c.obj (rcl_subscription_fini)
/home/cameron/Astrobotics/wtfisgoingon/micro_ros_raspberrypi_pico_sdk/micro_ros_raspberrypi_pico_sdk/libmicroros/libmicroros.a(librclc-executor.c.obj)
                              CMakeFiles/pico_micro_ros_example.dir/drivesub.c.obj (rclc_executor_init)
/home/cameron/Astrobotics/wtfisgoingon/micro_ros_raspberrypi_pico_sdk/micro_ros_raspberrypi_pico_sdk/libmicroros/libmicroros.a(librclc-executor_handle.c.obj)
                              /home/cameron/Astrobotics/wtfisgoingon/micro_ros_raspberrypi_pico_sdk/micro_ros_raspberrypi_pico_sdk/libmicroros/libmicroros.a(librclc-executor.c.obj) (rclc_executor_handle_counters_zero_init)
/home/cameron/Astrobotics/wtfisgoingon/micro_ros_raspberrypi_pico_sdk/micro_ros_raspberrypi_pico_sdk/libmicroros/libmicroros.a(librclc-init.c.obj)
                              CMakeFiles/pico_micro_ros_example.dir/drivesub.c.obj (rclc_support_init)
/home/cameron/Astrobotics/wtfisgoingon/micro_ros_raspberrypi_pico_sdk/micro_ros_raspberrypi_pico_sdk/libmicroros/libmicroros.a(librclc-node.c.obj)
                              CMakeFiles/pico_micro_ros_example.dir/drivesub.c.obj (rclc_node_init_default)
/home/cameron/Astrobotics/wtfisgoingon/micro_ros_raspberrypi_pico_sdk/micro_ros_raspberrypi_pico_sdk/libmicroros/libmicroros.a(librclc-sleep.c.obj)
                              /home/cameron/Astrobotics/wtfisgoingon/micro_ros_raspberrypi_pico_sdk/micro_ros_raspberrypi_pico_sdk/libmicroros/libmicroros.a(librclc-executor.c.obj) (rclc_sleep_ms)
/home/cameron/Astrobotics/wtfisgoingon/micro_ros_raspberrypi_pico_sdk/micro_ros_raspberrypi_pico_sdk/libmicroros/libmicroros.a(librclc-subscription.c.obj)
                              CMakeFiles/pico_micro_ros_example.dir/drivesub.c.obj (rclc_subscription_init_default)
/home/cameron/Astrobotics/wtfisgoingon/micro_ros_raspberrypi_pico_sdk/micro_ros_raspberrypi_pico_sdk/libmicroros/libmicroros.a(librcutils-allocator.c.obj)
                              CMakeFiles/pico_micro_ros_example.dir/drivesub.c.obj (rcutils_get_default_allocator)
/home/cameron/Astrobotics/wtfisgoingon/micro_ros_raspberrypi_pico_sdk/micro_ros_raspberrypi_pico_sdk/libmicroros/libmicroros.a(librcutils-env.c.obj)
                              /home/cameron/Astrobotics/wtfisgoingon/micro_ros_raspberrypi_pico_sdk/micro_ros_raspberrypi_pico_sdk/libmicroros/libmicroros.a(librcl-node.c.obj) (rcutils_get_env)
/home/cameron/Astrobotics/wtfisgoingon/micro_ros_raspberrypi_pico_sdk/micro_ros_raspberrypi_pico_sdk/libmicroros/libmicroros.a(librcutils-error_handling.c.obj)
                              /home/cameron/Astrobotics/wtfisgoingon/micro_ros_raspberrypi_pico_sdk/micro_ros_raspberrypi_pico_sdk/libmicroros/libmicroros.a(librclc-executor.c.obj) (rcutils_reset_error)
/home/cameron/Astrobotics/wtfisgoingon/micro_ros_raspberrypi_pico_sdk/micro_ros_raspberrypi_pico_sdk/libmicroros/libmicroros.a(librcutils-format_string.c.obj)
                              /home/cameron/Astrobotics/wtfisgoingon/micro_ros_raspberrypi_pico_sdk/micro_ros_raspberrypi_pico_sdk/libmicroros/libmicroros.a(librcl-node.c.obj) (rcutils_format_string_limit)
/home/cameron/Astrobotics/wtfisgoingon/micro_ros_raspberrypi_pico_sdk/micro_ros_raspberrypi_pico_sdk/libmicroros/libmicroros.a(librcutils-repl_str.c.obj)
                              /home/cameron/Astrobotics/wtfisgoingon/micro_ros_raspberrypi_pico_sdk/micro_ros_raspberrypi_pico_sdk/libmicroros/libmicroros.a(librcl-node.c.obj) (rcutils_repl_str)
/home/cameron/Astrobotics/wtfisgoingon/micro_ros_raspberrypi_pico_sdk/micro_ros_raspberrypi_pico_sdk/libmicroros/libmicroros.a(librcutils-snprintf.c.obj)
                              /home/cameron/Astrobotics/wtfisgoingon/micro_ros_raspberrypi_pico_sdk/micro_ros_raspberrypi_pico_sdk/libmicroros/libmicroros.a(librcutils-format_string.c.obj) (rcutils_vsnprintf)
/home/cameron/Astrobotics/wtfisgoingon/micro_ros_raspberrypi_pico_sdk/micro_ros_raspberrypi_pico_sdk/libmicroros/libmicroros.a(librcutils-strdup.c.obj)
[...]
Memory Configuration

Name             Origin             Length             Attributes
FLASH            0x0000000010000000 0x0000000000200000 xr
RAM              0x0000000020000000 0x0000000000040000 xrw
SCRATCH_X        0x0000000020040000 0x0000000000001000 xrw
SCRATCH_Y        0x0000000020041000 0x0000000000001000 xrw
*default*        0x0000000000000000 0xffffffffffffffff

Linker script and memory map

LOAD /usr/lib/gcc/arm-none-eabi/10.3.1/thumb/v6-m/nofp/crti.o
LOAD /usr/lib/gcc/arm-none-eabi/10.3.1/thumb/v6-m/nofp/crtbegin.o
LOAD /usr/lib/gcc/arm-none-eabi/10.3.1/../../../arm-none-eabi/lib/thumb/v6-m/nofp/crt0.o

.flash_begin    0x0000000010000000        0x0
                0x0000000010000000                __flash_binary_start = .

.boot2          0x0000000010000000      0x100
                0x0000000010000000                __boot2_start__ = .
 *(.boot2)
 .boot2         0x0000000010000000      0x100 /tmp/cc0lzcMJ.o
                0x0000000010000100                __boot2_end__ = .
                0x0000000000000001                ASSERT (((__boot2_end__ - __boot2_start__) == 0x100), ERROR: Pico second stage bootloader must be 256 bytes in size)

.text           0x0000000010000100    0x168d8
                0x0000000010000100                __logical_binary_start = .
 *(.vectors)
 .vectors       0x0000000010000100       0xd4 CMakeFiles/pico_micro_ros_example.dir/home/cameron/pico-sdk/src/rp2_common/pico_standard_link/crt0.S.obj
                0x0000000010000100                __vectors
                0x0000000010000100                __VECTOR_TABLE
                0x00000000100001c0                isr_invalid
                0x00000000100001c0                __default_isrs_start
                0x00000000100001c2                isr_nmi
                0x00000000100001c4                isr_hardfault
                0x00000000100001c6                isr_svcall
                0x00000000100001c8                isr_pendsv
                0x00000000100001ca                isr_systick
                0x00000000100001cc                isr_irq30
                0x00000000100001cc                __unhandled_user_irq
                0x00000000100001cc                isr_irq13
                0x00000000100001cc                isr_irq27
                0x00000000100001cc                isr_irq31
                0x00000000100001cc                isr_irq5
                0x00000000100001cc                isr_irq11
                0x00000000100001cc                isr_irq23
                0x00000000100001cc                isr_irq18
                0x00000000100001cc                isr_irq28
                0x00000000100001cc                isr_irq19
                0x00000000100001cc                isr_irq0
                0x00000000100001cc                isr_irq6
                0x00000000100001cc                isr_irq22
                0x00000000100001cc                isr_irq17
                0x00000000100001cc                isr_irq14
                0x00000000100001cc                isr_irq2
                0x00000000100001cc                isr_irq10
                0x00000000100001cc                isr_irq8
                0x00000000100001cc                isr_irq24
                0x00000000100001cc                isr_irq1
                0x00000000100001cc                isr_irq7
                0x00000000100001cc                isr_irq21
                0x00000000100001cc                isr_irq20
                0x00000000100001cc                isr_irq15
                0x00000000100001cc                isr_irq25
                0x00000000100001cc                isr_irq4
                0x00000000100001cc                isr_irq16
                0x00000000100001cc                isr_irq29
                0x00000000100001cc                isr_irq26
                0x00000000100001cc                __default_isrs_end
                0x00000000100001cc                isr_irq3
                0x00000000100001cc                isr_irq12
                0x00000000100001cc                isr_irq9
                0x00000000100001d2                unhandled_user_irq_num_in_r0
 *(.binary_info_header)
 .binary_info_header
                0x00000000100001d4       0x14 CMakeFiles/pico_micro_ros_example.dir/home/cameron/pico-sdk/src/rp2_common/pico_standard_link/crt0.S.obj
                0x00000000100001e8                __binary_info_header_end = .
 *(.reset)
 .reset         0x00000000100001e8       0xa0 CMakeFiles/pico_micro_ros_example.dir/home/cameron/pico-sdk/src/rp2_common/pico_standard_link/crt0.S.obj
                0x00000000100001e8                _entry_point
 .reset         0x0000000010000288       0x30 CMakeFiles/pico_micro_ros_example.dir/home/cameron/pico-sdk/src/rp2_common/pico_standard_link/binary_info.c.obj
 *(.init)
 .init          0x00000000100002b8        0x4 /usr/lib/gcc/arm-none-eabi/10.3.1/thumb/v6-m/nofp/crti.o
                0x00000000100002b8                _init
 *(EXCLUDE_FILE(*libm.a: *libc.a:*lib_a-mem*.o *libgcc.a:) .text*)
 .text          0x00000000100002bc       0x98 /usr/lib/gcc/arm-none-eabi/10.3.1/thumb/v6-m/nofp/crtbegin.o
 .text.clock_gettime
                0x0000000010000354       0x3c CMakeFiles/pico_micro_ros_example.dir/pico_uart_transport.c.obj
                0x0000000010000354                clock_gettime
 .text.pico_serial_transport_open
                0x0000000010000390       0x1c CMakeFiles/pico_micro_ros_example.dir/pico_uart_transport.c.obj
                0x0000000010000390                pico_serial_transport_open
 .text.pico_serial_transport_close
                0x00000000100003ac        0x4 CMakeFiles/pico_micro_ros_example.dir/pico_uart_transport.c.obj
                0x00000000100003ac                pico_serial_transport_close
 .text.pico_serial_transport_write
                0x00000000100003b0       0x38 CMakeFiles/pico_micro_ros_example.dir/pico_uart_transport.c.obj
                0x00000000100003b0                pico_serial_transport_write
 .text.pico_serial_transport_read
                0x00000000100003e8       0x64 CMakeFiles/pico_micro_ros_example.dir/pico_uart_transport.c.obj
                0x00000000100003e8                pico_serial_transport_read
 .text.joy_callback
                0x000000001000044c       0x38 CMakeFiles/pico_micro_ros_example.dir/drivesub.c.obj
                0x000000001000044c                joy_callback
 .text.startup.main
                0x0000000010000484      0x140 CMakeFiles/pico_micro_ros_example.dir/drivesub.c.obj
                0x0000000010000484                main
 .text.gpio_init
                0x00000000100005c4       0x3c CMakeFiles/pico_micro_ros_example.dir/home/cameron/pico-sdk/src/rp2_common/hardware_gpio/gpio.c.obj
                0x00000000100005c4                gpio_init
 .text.running_on_fpga
                0x0000000010000600       0x10 CMakeFiles/pico_micro_ros_example.dir/home/cameron/pico-sdk/src/rp2_common/pico_platform/platform.c.obj
                0x0000000010000600                running_on_fpga
 .text.hw_claim_or_assert
                0x0000000010000610       0x44 CMakeFiles/pico_micro_ros_example.dir/home/cameron/pico-sdk/src/rp2_common/hardware_claim/claim.c.obj
                0x0000000010000610                hw_claim_or_assert
 .text.hw_claim_unused_from_range
                0x0000000010000654       0x9c CMakeFiles/pico_micro_ros_example.dir/home/cameron/pico-sdk/src/rp2_common/hardware_claim/claim.c.obj
                0x0000000010000654                hw_claim_unused_from_range
 .text.spin_locks_reset
                0x00000000100006f0       0x1c CMakeFiles/pico_micro_ros_example.dir/home/cameron/pico-sdk/src/rp2_common/hardware_sync/sync.c.obj
                0x00000000100006f0                spin_locks_reset
 .text.next_striped_spin_lock_num
                0x000000001000070c       0x18 CMakeFiles/pico_micro_ros_example.dir/home/cameron/pico-sdk/src/rp2_common/hardware_sync/sync.c.obj
                0x000000001000070c                next_striped_spin_lock_num
 .text.spin_lock_claim_unused
                0x0000000010000724       0x20 CMakeFiles/pico_micro_ros_example.dir/home/cameron/pico-sdk/src/rp2_common/hardware_sync/sync.c.obj
                0x0000000010000724                spin_lock_claim_unused
 .text.irq_set_enabled
                0x0000000010000744       0x24 CMakeFiles/pico_micro_ros_example.dir/home/cameron/pico-sdk/src/rp2_common/hardware_irq/irq.c.obj
                0x0000000010000744                irq_set_enabled
 .text.irq_set_pending
                0x0000000010000768       0x10 CMakeFiles/pico_micro_ros_example.dir/home/cameron/pico-sdk/src/rp2_common/hardware_irq/irq.c.obj
                0x0000000010000768                irq_set_pending
 .text.irq_has_shared_handler
                0x0000000010000778       0x2c CMakeFiles/pico_micro_ros_example.dir/home/cameron/pico-sdk/src/rp2_common/hardware_irq/irq.c.obj
                0x0000000010000778                irq_has_shared_handler
 .text.irq_get_vtable_handler
                0x00000000100007a4       0x10 CMakeFiles/pico_micro_ros_example.dir/home/cameron/pico-sdk/src/rp2_common/hardware_irq/irq.c.obj
                0x00000000100007a4                irq_get_vtable_handler
 .text.irq_set_exclusive_handler
                0x00000000100007b4       0x54 CMakeFiles/pico_micro_ros_example.dir/home/cameron/pico-sdk/src/rp2_common/hardware_irq/irq.c.obj
                0x00000000100007b4                irq_set_exclusive_handler
 .text.irq_add_shared_handler
                0x0000000010000808      0x1e8 CMakeFiles/pico_micro_ros_example.dir/home/cameron/pico-sdk/src/rp2_common/hardware_irq/irq.c.obj
                0x0000000010000808                irq_add_shared_handler
 .text.irq_remove_handler
                0x00000000100009f0      0x1b0 CMakeFiles/pico_micro_ros_example.dir/home/cameron/pico-sdk/src/rp2_common/hardware_irq/irq.c.obj
                0x00000000100009f0                irq_remove_handler
 .text.irq_add_tail_to_free_list
                0x0000000010000ba0       0xb4 CMakeFiles/pico_micro_ros_example.dir/home/cameron/pico-sdk/src/rp2_common/hardware_irq/irq.c.obj
                0x0000000010000ba0                irq_add_tail_to_free_list
 .text.irq_init_priorities
                0x0000000010000c54       0x24 CMakeFiles/pico_micro_ros_example.dir/home/cameron/pico-sdk/src/rp2_common/hardware_irq/irq.c.obj
                0x0000000010000c54                irq_init_priorities
 .text.user_irq_claim_unused
                0x0000000010000c78       0x28 CMakeFiles/pico_micro_ros_example.dir/home/cameron/pico-sdk/src/rp2_common/hardware_irq/irq.c.obj
                0x0000000010000c78                user_irq_claim_unused
 .text.lock_init
                0x0000000010000ca0       0x10 CMakeFiles/pico_micro_ros_example.dir/home/cameron/pico-sdk/src/common/pico_sync/lock_core.c.obj
                0x0000000010000ca0                lock_init
 .text.mutex_init
                0x0000000010000cb0       0x1c CMakeFiles/pico_micro_ros_example.dir/home/cameron/pico-sdk/src/common/pico_sync/mutex.c.obj
                0x0000000010000cb0                mutex_init
 .text.recursive_mutex_init
                0x0000000010000ccc       0x1c CMakeFiles/pico_micro_ros_example.dir/home/cameron/pico-sdk/src/common/pico_sync/mutex.c.obj
                0x0000000010000ccc                recursive_mutex_init
 .text.critical_section_init
                0x0000000010000ce8       0x20 CMakeFiles/pico_micro_ros_example.dir/home/cameron/pico-sdk/src/common/pico_sync/critical_section.c.obj
                0x0000000010000ce8                critical_section_init
 .text.critical_section_init_with_lock_num
                0x0000000010000d08       0x14 CMakeFiles/pico_micro_ros_example.dir/home/cameron/pico-sdk/src/common/pico_sync/critical_section.c.obj
                0x0000000010000d08                critical_section_init_with_lock_num
 .text.timer_pool_entry_comparator
                0x0000000010000d1c       0x34 CMakeFiles/pico_micro_ros_example.dir/home/cameron/pico-sdk/src/common/pico_time/time.c.obj
                0x0000000010000d1c                timer_pool_entry_comparator
 .text.sleep_until_callback
                0x0000000010000d50       0x30 CMakeFiles/pico_micro_ros_example.dir/home/cameron/pico-sdk/src/common/pico_time/time.c.obj
 .text.add_alarm_under_lock.isra.0
                0x0000000010000d80      0x100 CMakeFiles/pico_micro_ros_example.dir/home/cameron/pico-sdk/src/common/pico_time/time.c.obj
 .text.alarm_pool_alarm_callback
                0x0000000010000e80      0x1bc CMakeFiles/pico_micro_ros_example.dir/home/cameron/pico-sdk/src/common/pico_time/time.c.obj
 .text.alarm_pool_init_default
                0x000000001000103c       0x6c CMakeFiles/pico_micro_ros_example.dir/home/cameron/pico-sdk/src/common/pico_time/time.c.obj
                0x000000001000103c                alarm_pool_init_default
 .text.alarm_pool_get_default
                0x00000000100010a8        0x8 CMakeFiles/pico_micro_ros_example.dir/home/cameron/pico-sdk/src/common/pico_time/time.c.obj
                0x00000000100010a8                alarm_pool_get_default
 .text.alarm_pool_add_alarm_at
                0x00000000100010b0      0x178 CMakeFiles/pico_micro_ros_example.dir/home/cameron/pico-sdk/src/common/pico_time/time.c.obj
                0x00000000100010b0                alarm_pool_add_alarm_at
 .text.alarm_pool_core_num
                0x0000000010001228        0x4 CMakeFiles/pico_micro_ros_example.dir/home/cameron/pico-sdk/src/common/pico_time/time.c.obj
                0x0000000010001228                alarm_pool_core_num
 .text.best_effort_wfe_or_timeout
                0x000000001000122c       0xd4 CMakeFiles/pico_micro_ros_example.dir/home/cameron/pico-sdk/src/common/pico_time/time.c.obj
                0x000000001000122c                best_effort_wfe_or_timeout
 .text.hardware_alarm_irq_handler
                0x0000000010001300       0xbc CMakeFiles/pico_micro_ros_example.dir/home/cameron/pico-sdk/src/rp2_common/hardware_timer/timer.c.obj
 .text.hardware_alarm_claim
                0x00000000100013bc       0x18 CMakeFiles/pico_micro_ros_example.dir/home/cameron/pico-sdk/src/rp2_common/hardware_timer/timer.c.obj
                0x00000000100013bc                hardware_alarm_claim
 .text.time_us_64
                0x00000000100013d4       0x14 CMakeFiles/pico_micro_ros_example.dir/home/cameron/pico-sdk/src/rp2_common/hardware_timer/timer.c.obj
                0x00000000100013d4                time_us_64
 .text.busy_wait_us
                0x00000000100013e8       0x54 CMakeFiles/pico_micro_ros_example.dir/home/cameron/pico-sdk/src/rp2_common/hardware_timer/timer.c.obj
                0x00000000100013e8                busy_wait_us
 .text.hardware_alarm_set_callback
                0x000000001000143c       0x8c CMakeFiles/pico_micro_ros_example.dir/home/cameron/pico-sdk/src/rp2_common/hardware_timer/timer.c.obj
                0x000000001000143c                hardware_alarm_set_callback
 .text.hardware_alarm_set_target
                0x00000000100014c8       0xd4 CMakeFiles/pico_micro_ros_example.dir/home/cameron/pico-sdk/src/rp2_common/hardware_timer/timer.c.obj
                0x00000000100014c8                hardware_alarm_set_target
 .text.hardware_alarm_cancel
                0x000000001000159c       0x3c CMakeFiles/pico_micro_ros_example.dir/home/cameron/pico-sdk/src/rp2_common/hardware_timer/timer.c.obj
                0x000000001000159c                hardware_alarm_cancel
 .text.ph_merge_nodes
                0x00000000100015d8       0x68 CMakeFiles/pico_micro_ros_example.dir/home/cameron/pico-sdk/src/common/pico_util/pheap.c.obj
 .text.ph_post_alloc_init
                0x0000000010001640       0x3c CMakeFiles/pico_micro_ros_example.dir/home/cameron/pico-sdk/src/common/pico_util/pheap.c.obj
                0x0000000010001640                ph_post_alloc_init
 .text.ph_merge_two_pass
                0x000000001000167c       0x90 CMakeFiles/pico_micro_ros_example.dir/home/cameron/pico-sdk/src/common/pico_util/pheap.c.obj
                0x000000001000167c                ph_merge_two_pass
 .text.ph_remove_any_head
                0x000000001000170c      0x100 CMakeFiles/pico_micro_ros_example.dir/home/cameron/pico-sdk/src/common/pico_util/pheap.c.obj
 .text.ph_remove_head
                0x000000001000180c      0x104 CMakeFiles/pico_micro_ros_example.dir/home/cameron/pico-sdk/src/common/pico_util/pheap.c.obj
                0x000000001000180c                ph_remove_head
 .text.ph_remove_and_free_node
                0x0000000010001910       0x7c CMakeFiles/pico_micro_ros_example.dir/home/cameron/pico-sdk/src/common/pico_util/pheap.c.obj
                0x0000000010001910                ph_remove_and_free_node
 .text.clocks_init
                0x000000001000198c      0x2d0 CMakeFiles/pico_micro_ros_example.dir/home/cameron/pico-sdk/src/rp2_common/hardware_clocks/clocks.c.obj
                0x000000001000198c                clocks_init
 .text.pll_init
                0x0000000010001c5c       0xa0 CMakeFiles/pico_micro_ros_example.dir/home/cameron/pico-sdk/src/rp2_common/hardware_pll/pll.c.obj
                0x0000000010001c5c                pll_init
 .text.watchdog_start_tick
                0x0000000010001cfc       0x10 CMakeFiles/pico_micro_ros_example.dir/home/cameron/pico-sdk/src/rp2_common/hardware_watchdog/watchdog.c.obj
                0x0000000010001cfc                watchdog_start_tick
 .text.watchdog_reboot
                0x0000000010001d0c       0x98 CMakeFiles/pico_micro_ros_example.dir/home/cameron/pico-sdk/src/rp2_common/hardware_watchdog/watchdog.c.obj
                0x0000000010001d0c                watchdog_reboot
 .text.xosc_init
                0x0000000010001da4       0x28 CMakeFiles/pico_micro_ros_example.dir/home/cameron/pico-sdk/src/rp2_common/hardware_xosc/xosc.c.obj
                0x0000000010001da4                xosc_init
 .text.runtime_init
                0x0000000010001dcc       0xf0 CMakeFiles/pico_micro_ros_example.dir/home/cameron/pico-sdk/src/rp2_common/pico_runtime/runtime.c.obj
                0x0000000010001dcc                runtime_init
 .text._exit    0x0000000010001ebc        0x4 CMakeFiles/pico_micro_ros_example.dir/home/cameron/pico-sdk/src/rp2_common/pico_runtime/runtime.c.obj
                0x0000000010001ebc                _exit
 .text._sbrk    0x0000000010001ec0       0x34 CMakeFiles/pico_micro_ros_example.dir/home/cameron/pico-sdk/src/rp2_common/pico_runtime/runtime.c.obj
                0x0000000010001ec0                _sbrk
 .text.exit     0x0000000010001ef4        0x8 CMakeFiles/pico_micro_ros_example.dir/home/cameron/pico-sdk/src/rp2_common/pico_runtime/runtime.c.obj
                0x0000000010001ef4                exit
 .text.panic    0x0000000010001efc       0x30 CMakeFiles/pico_micro_ros_example.dir/home/cameron/pico-sdk/src/rp2_common/pico_runtime/runtime.c.obj
                0x0000000010001efc                panic
 .text.hard_assertion_failure
                0x0000000010001f2c        0xc CMakeFiles/pico_micro_ros_example.dir/home/cameron/pico-sdk/src/rp2_common/pico_runtime/runtime.c.obj
                0x0000000010001f2c                hard_assertion_failure
 .text._out_buffer
                0x0000000010001f38        0x8 CMakeFiles/pico_micro_ros_example.dir/home/cameron/pico-sdk/src/rp2_common/pico_printf/printf.c.obj
 .text._out_null
                0x0000000010001f40        0x4 CMakeFiles/pico_micro_ros_example.dir/home/cameron/pico-sdk/src/rp2_common/pico_printf/printf.c.obj
 .text._out_rev
                0x0000000010001f44       0x9c CMakeFiles/pico_micro_ros_example.dir/home/cameron/pico-sdk/src/rp2_common/pico_printf/printf.c.obj
 .text._ntoa_format
                0x0000000010001fe0      0x1cc CMakeFiles/pico_micro_ros_example.dir/home/cameron/pico-sdk/src/rp2_common/pico_printf/printf.c.obj
 .text._out_char
                0x00000000100021ac       0x10 CMakeFiles/pico_micro_ros_example.dir/home/cameron/pico-sdk/src/rp2_common/pico_printf/printf.c.obj
 .text._out_fct
                0x00000000100021bc       0x10 CMakeFiles/pico_micro_ros_example.dir/home/cameron/pico-sdk/src/rp2_common/pico_printf/printf.c.obj
 .text._etoa    0x00000000100021cc      0x44c CMakeFiles/pico_micro_ros_example.dir/home/cameron/pico-sdk/src/rp2_common/pico_printf/printf.c.obj
 .text._ftoa    0x0000000010002618      0x398 CMakeFiles/pico_micro_ros_example.dir/home/cameron/pico-sdk/src/rp2_common/pico_printf/printf.c.obj
 .text._vsnprintf
                0x00000000100029b0      0xb04 CMakeFiles/pico_micro_ros_example.dir/home/cameron/pico-sdk/src/rp2_common/pico_printf/printf.c.obj
 .text.__wrap_snprintf
                0x00000000100034b4       0x28 CMakeFiles/pico_micro_ros_example.dir/home/cameron/pico-sdk/src/rp2_common/pico_printf/printf.c.obj
                0x00000000100034b4                __wrap_snprintf
 .text.__wrap_vsnprintf
                0x00000000100034dc       0x1c CMakeFiles/pico_micro_ros_example.dir/home/cameron/pico-sdk/src/rp2_common/pico_printf/printf.c.obj
                0x00000000100034dc                __wrap_vsnprintf
 .text.vfctprintf
                0x00000000100034f8       0x20 CMakeFiles/pico_micro_ros_example.dir/home/cameron/pico-sdk/src/rp2_common/pico_printf/printf.c.obj
                0x00000000100034f8                vfctprintf
 .text.weak_raw_vprintf
                0x0000000010003518       0x30 CMakeFiles/pico_micro_ros_example.dir/home/cameron/pico-sdk/src/rp2_common/pico_printf/printf.c.obj
                0x0000000010003518                weak_raw_vprintf
 .text          0x0000000010003548       0x10 CMakeFiles/pico_micro_ros_example.dir/home/cameron/pico-sdk/src/rp2_common/pico_bit_ops/bit_ops_aeabi.S.obj
 .text.rom_func_lookup
                0x0000000010003558       0x10 CMakeFiles/pico_micro_ros_example.dir/home/cameron/pico-sdk/src/rp2_common/pico_bootrom/bootrom.c.obj
                0x0000000010003558                rom_func_lookup
 .text.rom_data_lookup
                0x0000000010003568       0x10 CMakeFiles/pico_micro_ros_example.dir/home/cameron/pico-sdk/src/rp2_common/pico_bootrom/bootrom.c.obj
                0x0000000010003568                rom_data_lookup
 .text.rom_funcs_lookup
                0x0000000010003578       0x44 CMakeFiles/pico_micro_ros_example.dir/home/cameron/pico-sdk/src/rp2_common/pico_bootrom/bootrom.c.obj
                0x0000000010003578                rom_funcs_lookup
 .text.__wrap___aeabi_idiv
                0x00000000100035bc       0x50 CMakeFiles/pico_micro_ros_example.dir/home/cameron/pico-sdk/src/rp2_common/pico_divider/divider.S.obj
                0x00000000100035bc                __wrap___aeabi_idivmod
                0x00000000100035bc                divmod_s32s32
                0x00000000100035bc                div_s32s32
                0x00000000100035bc                __wrap___aeabi_idiv
                0x00000000100035c4                divmod_s32s32_unsafe
                0x00000000100035f0                divmod_s32s32_savestate
 .text.__wrap___aeabi_uidiv
                0x000000001000360c       0x4c CMakeFiles/pico_micro_ros_example.dir/home/cameron/pico-sdk/src/rp2_common/pico_divider/divider.S.obj
                0x000000001000360c                __wrap___aeabi_uidiv
                0x000000001000360c                __wrap___aeabi_uidivmod
                0x000000001000360c                div_u32u32
                0x000000001000360c                divmod_u32u32
                0x0000000010003614                divmod_u32u32_unsafe
                0x000000001000363c                divmod_u32u32_savestate
 .text.__wrap___aeabi_ldiv
                0x0000000010003658      0x424 CMakeFiles/pico_micro_ros_example.dir/home/cameron/pico-sdk/src/rp2_common/pico_divider/divider.S.obj
                0x0000000010003658                div_s64s64
                0x0000000010003658                divmod_s64s64
                0x0000000010003658                __wrap___aeabi_ldivmod
                0x0000000010003688                div_u64u64
                0x0000000010003688                divmod_u64u64
                0x0000000010003688                __wrap___aeabi_uldivmod
                0x0000000010003698                divmod_u64u64_savestate
                0x00000000100036b8                divmod_s64s64_unsafe
                0x0000000010003740                divmod_u64u64_unsafe
 .text.__wrap___aeabi_darithmetic
                0x0000000010003a7c       0x80 CMakeFiles/pico_micro_ros_example.dir/home/cameron/pico-sdk/src/rp2_common/pico_double/double_aeabi.S.obj
                0x0000000010003a7c                __wrap___aeabi_drsub
                0x0000000010003a82                __wrap___aeabi_dsub
                0x0000000010003a94                __wrap___aeabi_dadd
                0x0000000010003aa6                __wrap___aeabi_ddiv
                0x0000000010003ae2                __wrap___aeabi_dmul
 .text.__wrap___aeabi_cdcmple
                0x0000000010003afc       0x6c CMakeFiles/pico_micro_ros_example.dir/home/cameron/pico-sdk/src/rp2_common/pico_double/double_aeabi.S.obj
                0x0000000010003afc                __wrap___aeabi_cdrcmple
                0x0000000010003b0c                __wrap___aeabi_cdcmple
                0x0000000010003b0c                __wrap___aeabi_cdcmpeq
 .text.__wrap___aeabi_dcmplt
                0x0000000010003b68        0xc CMakeFiles/pico_micro_ros_example.dir/home/cameron/pico-sdk/src/rp2_common/pico_double/double_aeabi.S.obj
                0x0000000010003b68                __wrap___aeabi_dcmplt
 .text.__wrap___aeabi_dcmple
                0x0000000010003b74       0x10 CMakeFiles/pico_micro_ros_example.dir/home/cameron/pico-sdk/src/rp2_common/pico_double/double_aeabi.S.obj
                0x0000000010003b74                __wrap___aeabi_dcmple
 .text.__wrap___aeabi_dcmpge
                0x0000000010003b84       0x10 CMakeFiles/pico_micro_ros_example.dir/home/cameron/pico-sdk/src/rp2_common/pico_double/double_aeabi.S.obj
                0x0000000010003b84                __wrap___aeabi_dcmpge
 .text.__wrap___aeabi_dcmpgt
                0x0000000010003b94        0xa CMakeFiles/pico_micro_ros_example.dir/home/cameron/pico-sdk/src/rp2_common/pico_double/double_aeabi.S.obj
                0x0000000010003b94                __wrap___aeabi_dcmpgt
 .text.__wrap___aeabi_dcmpun
                0x0000000010003b9e       0x1c CMakeFiles/pico_micro_ros_example.dir/home/cameron/pico-sdk/src/rp2_common/pico_double/double_aeabi.S.obj
                0x0000000010003b9e                __wrap___aeabi_dcmpun
 *fill*         0x0000000010003bba        0x2 
 .text.__wrap___aeabi_i2d
                0x0000000010003bbc       0x38 CMakeFiles/pico_micro_ros_example.dir/home/cameron/pico-sdk/src/rp2_common/pico_double/double_aeabi.S.obj
                0x0000000010003bbc                __wrap___aeabi_ui2d
                0x0000000010003bc4                __wrap___aeabi_i2d
 .text.__wrap___aeabi_d2iz
                0x0000000010003bf4       0x48 CMakeFiles/pico_micro_ros_example.dir/home/cameron/pico-sdk/src/rp2_common/pico_double/double_aeabi.S.obj
                0x0000000010003bf4                __wrap___aeabi_d2iz
                0x0000000010003bf4                double2int_z
 .text.__wrap___aeabi_d2uiz
                0x0000000010003c3c       0x18 CMakeFiles/pico_micro_ros_example.dir/home/cameron/pico-sdk/src/rp2_common/pico_double/double_aeabi.S.obj
                0x0000000010003c3c                double2uint
                0x0000000010003c3c                __wrap___aeabi_d2uiz
 .text.__aeabi_double_init
                0x0000000010003c54       0x94 CMakeFiles/pico_micro_ros_example.dir/home/cameron/pico-sdk/src/rp2_common/pico_double/double_init_rom.c.obj
                0x0000000010003c54                __aeabi_double_init
 .text.double_table_shim_on_use_helper
                0x0000000010003ce8       0x2c CMakeFiles/pico_micro_ros_example.dir/home/cameron/pico-sdk/src/rp2_common/pico_double/double_v1_rom_shim.S.obj
                0x0000000010003ce8                double_table_shim_on_use_helper
 .text.__wrap___aeabi_dsub
                0x0000000010003d14       0x10 CMakeFiles/pico_micro_ros_example.dir/home/cameron/pico-sdk/src/rp2_common/pico_double/double_v1_rom_shim.S.obj
                0x0000000010003d14                drsub_shim
                0x0000000010003d1a                dsub_shim
 .text.dadd_shim
                0x0000000010003d24      0x15c CMakeFiles/pico_micro_ros_example.dir/home/cameron/pico-sdk/src/rp2_common/pico_double/double_v1_rom_shim.S.obj
                0x0000000010003d24                dadd_shim
 .text.dmul_shim
                0x0000000010003e80      0x15c CMakeFiles/pico_micro_ros_example.dir/home/cameron/pico-sdk/src/rp2_common/pico_double/double_v1_rom_shim.S.obj
                0x0000000010003e80                dmul_shim
 .text.ddiv_shim
                0x0000000010003fdc      0x1b0 CMakeFiles/pico_micro_ros_example.dir/home/cameron/pico-sdk/src/rp2_common/pico_double/double_v1_rom_shim.S.obj
                0x0000000010003fdc                ddiv_shim
 .text.double2uint_shim
                0x000000001000418c        0xe CMakeFiles/pico_micro_ros_example.dir/home/cameron/pico-sdk/src/rp2_common/pico_double/double_v1_rom_shim.S.obj
                0x000000001000418c                double2uint_shim
                0x000000001000418e                double2ufix_shim
 *fill*         0x000000001000419a        0x2 
 .text.double2uint64_shim
                0x000000001000419c       0x70 CMakeFiles/pico_micro_ros_example.dir/home/cameron/pico-sdk/src/rp2_common/pico_double/double_v1_rom_shim.S.obj
                0x000000001000419c                double2uint64_shim
                0x000000001000419e                double2ufix64_shim
                0x00000000100041be                d2fix_a
 .text.dunpacks
                0x000000001000420c       0x3c CMakeFiles/pico_micro_ros_example.dir/home/cameron/pico-sdk/src/rp2_common/pico_double/double_v1_rom_shim.S.obj
                0x000000001000420c                dunpacks
 .text.__aeabi_lmul
                0x0000000010004248       0x32 CMakeFiles/pico_micro_ros_example.dir/home/cameron/pico-sdk/src/rp2_common/pico_int64_ops/pico_int64_ops_aeabi.S.obj
                0x0000000010004248                __wrap___aeabi_lmul
 *fill*         0x000000001000427a        0x2 
 .text.__wrap___aeabi_farithmetic
                0x000000001000427c       0x48 CMakeFiles/pico_micro_ros_example.dir/home/cameron/pico-sdk/src/rp2_common/pico_float/float_aeabi.S.obj
                0x000000001000427c                __wrap___aeabi_frsub
                0x0000000010004282                __wrap___aeabi_fsub
                0x0000000010004288                __wrap___aeabi_fadd
                0x000000001000428e                __wrap___aeabi_fdiv
                0x00000000100042b6                __wrap___aeabi_fmul
 .text.__wrap___aeabi_ui2f
                0x00000000100042c4        0xa CMakeFiles/pico_micro_ros_example.dir/home/cameron/pico-sdk/src/rp2_common/pico_float/float_aeabi.S.obj
                0x00000000100042c4                __wrap___aeabi_ui2f
 *fill*         0x00000000100042ce        0x2 
 .text.__wrap___aeabi_i2f
                0x00000000100042d0       0x44 CMakeFiles/pico_micro_ros_example.dir/home/cameron/pico-sdk/src/rp2_common/pico_float/float_aeabi.S.obj
                0x00000000100042d0                __wrap___aeabi_i2f
 .text.__wrap___aeabi_f2iz
                0x0000000010004314       0x4e CMakeFiles/pico_micro_ros_example.dir/home/cameron/pico-sdk/src/rp2_common/pico_float/float_aeabi.S.obj
                0x0000000010004314                __wrap___aeabi_f2iz
                0x0000000010004314                float2int_z
 *fill*         0x0000000010004362        0x2 
 .text.float2int
                0x0000000010004364       0x14 CMakeFiles/pico_micro_ros_example.dir/home/cameron/pico-sdk/src/rp2_common/pico_float/float_aeabi.S.obj
                0x0000000010004364                float2int
 .text.__wrap___aeabi_f2uiz
                0x0000000010004378        0xc CMakeFiles/pico_micro_ros_example.dir/home/cameron/pico-sdk/src/rp2_common/pico_float/float_aeabi.S.obj
                0x0000000010004378                __wrap___aeabi_f2uiz
 .text.__wrap___aeabi_f2d
                0x0000000010004384       0x14 CMakeFiles/pico_micro_ros_example.dir/home/cameron/pico-sdk/src/rp2_common/pico_float/float_aeabi.S.obj
                0x0000000010004384                __wrap___aeabi_f2d
 .text.__aeabi_float_init
                0x0000000010004398       0x64 CMakeFiles/pico_micro_ros_example.dir/home/cameron/pico-sdk/src/rp2_common/pico_float/float_init_rom.c.obj
                0x0000000010004398                __aeabi_float_init
 .text.float_table_shim_on_use_helper
                0x00000000100043fc       0x2c CMakeFiles/pico_micro_ros_example.dir/home/cameron/pico-sdk/src/rp2_common/pico_float/float_v1_rom_shim.S.obj
                0x00000000100043fc                float_table_shim_on_use_helper
 .text.float232_shims
                0x0000000010004428       0x18 CMakeFiles/pico_micro_ros_example.dir/home/cameron/pico-sdk/src/rp2_common/pico_float/float_v1_rom_shim.S.obj
                0x0000000010004428                float2int_shim
                0x000000001000442a                float2fix_shim
 .text.float2double_shim
                0x0000000010004440       0x30 CMakeFiles/pico_micro_ros_example.dir/home/cameron/pico-sdk/src/rp2_common/pico_float/float_v1_rom_shim.S.obj
                0x0000000010004440                float2double_shim
 .text.__wrap_malloc
                0x0000000010004470       0x24 CMakeFiles/pico_micro_ros_example.dir/home/cameron/pico-sdk/src/rp2_common/pico_malloc/pico_malloc.c.obj
                0x0000000010004470                __wrap_malloc
 .text.__wrap_calloc
                0x0000000010004494       0x24 CMakeFiles/pico_micro_ros_example.dir/home/cameron/pico-sdk/src/rp2_common/pico_malloc/pico_malloc.c.obj
                0x0000000010004494                __wrap_calloc
 .text.__wrap_realloc
                0x00000000100044b8       0x24 CMakeFiles/pico_micro_ros_example.dir/home/cameron/pico-sdk/src/rp2_common/pico_malloc/pico_malloc.c.obj
                0x00000000100044b8                __wrap_realloc
 .text.__wrap_free
                0x00000000100044dc        0x8 CMakeFiles/pico_micro_ros_example.dir/home/cameron/pico-sdk/src/rp2_common/pico_malloc/pico_malloc.c.obj
                0x00000000100044dc                __wrap_free
 .text          0x00000000100044e4       0x10 CMakeFiles/pico_micro_ros_example.dir/home/cameron/pico-sdk/src/rp2_common/pico_mem_ops/mem_ops_aeabi.S.obj
                0x00000000100044e4                __aeabi_mem_init
 .text.memset   0x00000000100044f4        0xc CMakeFiles/pico_micro_ros_example.dir/home/cameron/pico-sdk/src/rp2_common/pico_mem_ops/mem_ops_aeabi.S.obj
                0x00000000100044f4                __wrap_memset
 .text.memcpy   0x0000000010004500        0xc CMakeFiles/pico_micro_ros_example.dir/home/cameron/pico-sdk/src/rp2_common/pico_mem_ops/mem_ops_aeabi.S.obj
                0x0000000010004500                __wrap___aeabi_memcpy
                0x0000000010004500                __wrap_memcpy
 .text.stdio_out_chars_no_crlf
                0x000000001000450c       0x10 CMakeFiles/pico_micro_ros_example.dir/home/cameron/pico-sdk/src/rp2_common/pico_stdio/stdio.c.obj
 .text.stdio_buffered_printer
                0x000000001000451c       0x60 CMakeFiles/pico_micro_ros_example.dir/home/cameron/pico-sdk/src/rp2_common/pico_stdio/stdio.c.obj
 .text.stdio_out_chars_crlf
                0x000000001000457c       0x10 CMakeFiles/pico_micro_ros_example.dir/home/cameron/pico-sdk/src/rp2_common/pico_stdio/stdio.c.obj
 .text.stdio_put_string.isra.0
                0x000000001000458c       0xfc CMakeFiles/pico_micro_ros_example.dir/home/cameron/pico-sdk/src/rp2_common/pico_stdio/stdio.c.obj
 .text.__wrap_putchar
                0x0000000010004688       0x98 CMakeFiles/pico_micro_ros_example.dir/home/cameron/pico-sdk/src/rp2_common/pico_stdio/stdio.c.obj
                0x0000000010004688                __wrap_putchar
 .text.__wrap_puts
                0x0000000010004720       0x3c CMakeFiles/pico_micro_ros_example.dir/home/cameron/pico-sdk/src/rp2_common/pico_stdio/stdio.c.obj
                0x0000000010004720                __wrap_puts
 .text._read    0x000000001000475c       0x94 CMakeFiles/pico_micro_ros_example.dir/home/cameron/pico-sdk/src/rp2_common/pico_stdio/stdio.c.obj
                0x000000001000475c                _read
 .text._write   0x00000000100047f0       0xac CMakeFiles/pico_micro_ros_example.dir/home/cameron/pico-sdk/src/rp2_common/pico_stdio/stdio.c.obj
                0x00000000100047f0                _write
 .text._close   0x000000001000489c        0x8 CMakeFiles/pico_micro_ros_example.dir/home/cameron/pico-sdk/src/rp2_common/pico_stdio/stdio.c.obj
                0x000000001000489c                _close
 .text._lseek   0x00000000100048a4        0x8 CMakeFiles/pico_micro_ros_example.dir/home/cameron/pico-sdk/src/rp2_common/pico_stdio/stdio.c.obj
                0x00000000100048a4                _lseek
 .text._fstat   0x00000000100048ac        0x8 CMakeFiles/pico_micro_ros_example.dir/home/cameron/pico-sdk/src/rp2_common/pico_stdio/stdio.c.obj
                0x00000000100048ac                _fstat
 .text._isatty  0x00000000100048b4        0xc CMakeFiles/pico_micro_ros_example.dir/home/cameron/pico-sdk/src/rp2_common/pico_stdio/stdio.c.obj
                0x00000000100048b4                _isatty
 .text.stdio_set_driver_enabled
                0x00000000100048c0       0x30 CMakeFiles/pico_micro_ros_example.dir/home/cameron/pico-sdk/src/rp2_common/pico_stdio/stdio.c.obj
                0x00000000100048c0                stdio_set_driver_enabled
 .text.__wrap_vprintf
                0x00000000100048f0       0xd4 CMakeFiles/pico_micro_ros_example.dir/home/cameron/pico-sdk/src/rp2_common/pico_stdio/stdio.c.obj
                0x00000000100048f0                __wrap_vprintf
 .text.__wrap_printf
                0x00000000100049c4       0x18 CMakeFiles/pico_micro_ros_example.dir/home/cameron/pico-sdk/src/rp2_common/pico_stdio/stdio.c.obj
                0x00000000100049c4                __wrap_printf
 .text.stdio_init_all
                0x00000000100049dc        0x8 CMakeFiles/pico_micro_ros_example.dir/home/cameron/pico-sdk/src/rp2_common/pico_stdio/stdio.c.obj
                0x00000000100049dc                stdio_init_all
 .text.getchar_timeout_us
                0x00000000100049e4       0x98 CMakeFiles/pico_micro_ros_example.dir/home/cameron/pico-sdk/src/rp2_common/pico_stdio/stdio.c.obj
                0x00000000100049e4                getchar_timeout_us
 .text.resetd_init
                0x0000000010004a7c        0x4 CMakeFiles/pico_micro_ros_example.dir/home/cameron/pico-sdk/src/rp2_common/pico_stdio_usb/reset_interface.c.obj
 .text.resetd_reset
                0x0000000010004a80        0xc CMakeFiles/pico_micro_ros_example.dir/home/cameron/pico-sdk/src/rp2_common/pico_stdio_usb/reset_interface.c.obj
 .text.resetd_open
                0x0000000010004a8c       0x28 CMakeFiles/pico_micro_ros_example.dir/home/cameron/pico-sdk/src/rp2_common/pico_stdio_usb/reset_interface.c.obj
 .text.resetd_xfer_cb
                0x0000000010004ab4        0x4 CMakeFiles/pico_micro_ros_example.dir/home/cameron/pico-sdk/src/rp2_common/pico_stdio_usb/reset_interface.c.obj
 .text.resetd_control_xfer_cb
                0x0000000010004ab8       0x64 CMakeFiles/pico_micro_ros_example.dir/home/cameron/pico-sdk/src/rp2_common/pico_stdio_usb/reset_interface.c.obj
 .text.usbd_app_driver_get_cb
                0x0000000010004b1c        0xc CMakeFiles/pico_micro_ros_example.dir/home/cameron/pico-sdk/src/rp2_common/pico_stdio_usb/reset_interface.c.obj
                0x0000000010004b1c                usbd_app_driver_get_cb
 .text.tud_cdc_line_coding_cb
                0x0000000010004b28       0x34 CMakeFiles/pico_micro_ros_example.dir/home/cameron/pico-sdk/src/rp2_common/pico_stdio_usb/reset_interface.c.obj
                0x0000000010004b28                tud_cdc_line_coding_cb
 .text.stdio_usb_set_chars_available_callback
                0x0000000010004b5c       0x14 CMakeFiles/pico_micro_ros_example.dir/home/cameron/pico-sdk/src/rp2_common/pico_stdio_usb/stdio_usb.c.obj
                0x0000000010004b5c                stdio_usb_set_chars_available_callback
 .text.usb_irq  0x0000000010004b70       0x10 CMakeFiles/pico_micro_ros_example.dir/home/cameron/pico-sdk/src/rp2_common/pico_stdio_usb/stdio_usb.c.obj
 .text.timer_task
                0x0000000010004b80       0x54 CMakeFiles/pico_micro_ros_example.dir/home/cameron/pico-sdk/src/rp2_common/pico_stdio_usb/stdio_usb.c.obj
 .text.stdio_usb_in_chars
                0x0000000010004bd4       0x90 CMakeFiles/pico_micro_ros_example.dir/home/cameron/pico-sdk/src/rp2_common/pico_stdio_usb/stdio_usb.c.obj
                0x0000000010004bd4                stdio_usb_in_chars
 .text.stdio_usb_out_chars
                0x0000000010004c64      0x100 CMakeFiles/pico_micro_ros_example.dir/home/cameron/pico-sdk/src/rp2_common/pico_stdio_usb/stdio_usb.c.obj
 .text.low_priority_worker_irq
                0x0000000010004d64       0xa8 CMakeFiles/pico_micro_ros_example.dir/home/cameron/pico-sdk/src/rp2_common/pico_stdio_usb/stdio_usb.c.obj
 .text.tud_cdc_rx_cb
                0x0000000010004e0c       0x20 CMakeFiles/pico_micro_ros_example.dir/home/cameron/pico-sdk/src/rp2_common/pico_stdio_usb/stdio_usb.c.obj
                0x0000000010004e0c                tud_cdc_rx_cb
 .text.stdio_usb_init
                0x0000000010004e2c       0xdc CMakeFiles/pico_micro_ros_example.dir/home/cameron/pico-sdk/src/rp2_common/pico_stdio_usb/stdio_usb.c.obj
                0x0000000010004e2c                stdio_usb_init
 .text.tud_descriptor_device_cb
                0x0000000010004f08        0x8 CMakeFiles/pico_micro_ros_example.dir/home/cameron/pico-sdk/src/rp2_common/pico_stdio_usb/stdio_usb_descriptors.c.obj
                0x0000000010004f08                tud_descriptor_device_cb
 .text.tud_descriptor_configuration_cb
                0x0000000010004f10        0x8 CMakeFiles/pico_micro_ros_example.dir/home/cameron/pico-sdk/src/rp2_common/pico_stdio_usb/stdio_usb_descriptors.c.obj
                0x0000000010004f10                tud_descriptor_configuration_cb
 .text.tud_descriptor_string_cb
                0x0000000010004f18       0x74 CMakeFiles/pico_micro_ros_example.dir/home/cameron/pico-sdk/src/rp2_common/pico_stdio_usb/stdio_usb_descriptors.c.obj
                0x0000000010004f18                tud_descriptor_string_cb
 .text.startup._retrieve_unique_id_on_boot
                0x0000000010004f8c       0x10 CMakeFiles/pico_micro_ros_example.dir/home/cameron/pico-sdk/src/rp2_common/pico_unique_id/unique_id.c.obj
 .text.pico_get_unique_board_id_string
                0x0000000010004f9c      0x1a8 CMakeFiles/pico_micro_ros_example.dir/home/cameron/pico-sdk/src/rp2_common/pico_unique_id/unique_id.c.obj
                0x0000000010004f9c                pico_get_unique_board_id_string
 .text.flash_get_unique_id
                0x0000000010005144       0x40 CMakeFiles/pico_micro_ros_example.dir/home/cameron/pico-sdk/src/rp2_common/hardware_flash/flash.c.obj
                0x0000000010005144                flash_get_unique_id
 .text.dcd_int_enable
                0x0000000010005184        0xc CMakeFiles/pico_micro_ros_example.dir/home/cameron/pico-sdk/lib/tinyusb/src/portable/raspberrypi/rp2040/dcd_rp2040.c.obj
                0x0000000010005184                dcd_int_enable
 .text.dcd_set_address
                0x0000000010005190       0x14 CMakeFiles/pico_micro_ros_example.dir/home/cameron/pico-sdk/lib/tinyusb/src/portable/raspberrypi/rp2040/dcd_rp2040.c.obj
                0x0000000010005190                dcd_set_address
 .text.dcd_connect
                0x00000000100051a4       0x10 CMakeFiles/pico_micro_ros_example.dir/home/cameron/pico-sdk/lib/tinyusb/src/portable/raspberrypi/rp2040/dcd_rp2040.c.obj
                0x00000000100051a4                dcd_connect
 .text.dcd_init
                0x00000000100051b4       0x98 CMakeFiles/pico_micro_ros_example.dir/home/cameron/pico-sdk/lib/tinyusb/src/portable/raspberrypi/rp2040/dcd_rp2040.c.obj
                0x00000000100051b4                dcd_init
 .text.dcd_edpt0_status_complete
                0x000000001000524c       0x1c CMakeFiles/pico_micro_ros_example.dir/home/cameron/pico-sdk/lib/tinyusb/src/portable/raspberrypi/rp2040/dcd_rp2040.c.obj
                0x000000001000524c                dcd_edpt0_status_complete
 .text.dcd_edpt_open
                0x0000000010005268      0x108 CMakeFiles/pico_micro_ros_example.dir/home/cameron/pico-sdk/lib/tinyusb/src/portable/raspberrypi/rp2040/dcd_rp2040.c.obj
                0x0000000010005268                dcd_edpt_open
 .text.dcd_edpt_close_all
                0x0000000010005370        0x8 CMakeFiles/pico_micro_ros_example.dir/home/cameron/pico-sdk/lib/tinyusb/src/portable/raspberrypi/rp2040/dcd_rp2040.c.obj
                0x0000000010005370                dcd_edpt_close_all
 .text.dcd_edpt_xfer
                0x0000000010005378       0x24 CMakeFiles/pico_micro_ros_example.dir/home/cameron/pico-sdk/lib/tinyusb/src/portable/raspberrypi/rp2040/dcd_rp2040.c.obj
                0x0000000010005378                dcd_edpt_xfer
 .text.dcd_edpt_stall
                0x000000001000539c       0x38 CMakeFiles/pico_micro_ros_example.dir/home/cameron/pico-sdk/lib/tinyusb/src/portable/raspberrypi/rp2040/dcd_rp2040.c.obj
                0x000000001000539c                dcd_edpt_stall
 .text.dcd_edpt_clear_stall
                0x00000000100053d4       0x30 CMakeFiles/pico_micro_ros_example.dir/home/cameron/pico-sdk/lib/tinyusb/src/portable/raspberrypi/rp2040/dcd_rp2040.c.obj
                0x00000000100053d4                dcd_edpt_clear_stall
 .text.rp2040_usb_init
                0x0000000010005404       0x4c CMakeFiles/pico_micro_ros_example.dir/home/cameron/pico-sdk/lib/tinyusb/src/portable/raspberrypi/rp2040/rp2040_usb.c.obj
                0x0000000010005404                rp2040_usb_init
 .text.hw_endpoint_xfer_start
                0x0000000010005450       0x50 CMakeFiles/pico_micro_ros_example.dir/home/cameron/pico-sdk/lib/tinyusb/src/portable/raspberrypi/rp2040/rp2040_usb.c.obj
                0x0000000010005450                hw_endpoint_xfer_start
 .text.tud_mounted
                0x00000000100054a0       0x10 CMakeFiles/pico_micro_ros_example.dir/home/cameron/pico-sdk/lib/tinyusb/src/device/usbd.c.obj
                0x00000000100054a0                tud_mounted
 .text.tud_suspended
                0x00000000100054b0       0x10 CMakeFiles/pico_micro_ros_example.dir/home/cameron/pico-sdk/lib/tinyusb/src/device/usbd.c.obj
                0x00000000100054b0                tud_suspended
 .text.tud_inited
                0x00000000100054c0       0x14 CMakeFiles/pico_micro_ros_example.dir/home/cameron/pico-sdk/lib/tinyusb/src/device/usbd.c.obj
                0x00000000100054c0                tud_inited
 .text.tud_init
                0x00000000100054d4       0xe4 CMakeFiles/pico_micro_ros_example.dir/home/cameron/pico-sdk/lib/tinyusb/src/device/usbd.c.obj
                0x00000000100054d4                tud_init
 .text.tud_task_ext
                0x00000000100055b8      0x854 CMakeFiles/pico_micro_ros_example.dir/home/cameron/pico-sdk/lib/tinyusb/src/device/usbd.c.obj
                0x00000000100055b8                tud_task_ext
 .text.usbd_open_edpt_pair
                0x0000000010005e0c       0x9c CMakeFiles/pico_micro_ros_example.dir/home/cameron/pico-sdk/lib/tinyusb/src/device/usbd.c.obj
                0x0000000010005e0c                usbd_open_edpt_pair
 .text.usbd_defer_func
                0x0000000010005ea8       0x48 CMakeFiles/pico_micro_ros_example.dir/home/cameron/pico-sdk/lib/tinyusb/src/device/usbd.c.obj
                0x0000000010005ea8                usbd_defer_func
 .text.usbd_edpt_open
                0x0000000010005ef0       0x34 CMakeFiles/pico_micro_ros_example.dir/home/cameron/pico-sdk/lib/tinyusb/src/device/usbd.c.obj
                0x0000000010005ef0                usbd_edpt_open
 .text.usbd_edpt_claim
                0x0000000010005f24       0x28 CMakeFiles/pico_micro_ros_example.dir/home/cameron/pico-sdk/lib/tinyusb/src/device/usbd.c.obj
                0x0000000010005f24                usbd_edpt_claim
 .text.usbd_edpt_release
                0x0000000010005f4c       0x28 CMakeFiles/pico_micro_ros_example.dir/home/cameron/pico-sdk/lib/tinyusb/src/device/usbd.c.obj
                0x0000000010005f4c                usbd_edpt_release
 .text.usbd_edpt_xfer
                0x0000000010005f74       0x4c CMakeFiles/pico_micro_ros_example.dir/home/cameron/pico-sdk/lib/tinyusb/src/device/usbd.c.obj
                0x0000000010005f74                usbd_edpt_xfer
 .text.tud_control_status
                0x0000000010005fc0       0x30 CMakeFiles/pico_micro_ros_example.dir/home/cameron/pico-sdk/lib/tinyusb/src/device/usbd_control.c.obj
                0x0000000010005fc0                tud_control_status
 .text.tud_control_xfer
                0x0000000010005ff0       0xbc CMakeFiles/pico_micro_ros_example.dir/home/cameron/pico-sdk/lib/tinyusb/src/device/usbd_control.c.obj
                0x0000000010005ff0                tud_control_xfer
 .text.usbd_control_reset
                0x00000000100060ac       0x14 CMakeFiles/pico_micro_ros_example.dir/home/cameron/pico-sdk/lib/tinyusb/src/device/usbd_control.c.obj
                0x00000000100060ac                usbd_control_reset
 .text.usbd_control_set_complete_callback
                0x00000000100060c0        0xc CMakeFiles/pico_micro_ros_example.dir/home/cameron/pico-sdk/lib/tinyusb/src/device/usbd_control.c.obj
                0x00000000100060c0                usbd_control_set_complete_callback
 .text.usbd_control_set_request
                0x00000000100060cc       0x1c CMakeFiles/pico_micro_ros_example.dir/home/cameron/pico-sdk/lib/tinyusb/src/device/usbd_control.c.obj
                0x00000000100060cc                usbd_control_set_request
 .text.usbd_control_xfer_cb
                0x00000000100060e8       0xfc CMakeFiles/pico_micro_ros_example.dir/home/cameron/pico-sdk/lib/tinyusb/src/device/usbd_control.c.obj
                0x00000000100060e8                usbd_control_xfer_cb
 .text.tud_cdc_n_connected
                0x00000000100061e4       0x30 CMakeFiles/pico_micro_ros_example.dir/home/cameron/pico-sdk/lib/tinyusb/src/class/cdc/cdc_device.c.obj
                0x00000000100061e4                tud_cdc_n_connected
 .text.tud_cdc_n_available
                0x0000000010006214       0x18 CMakeFiles/pico_micro_ros_example.dir/home/cameron/pico-sdk/lib/tinyusb/src/class/cdc/cdc_device.c.obj
                0x0000000010006214                tud_cdc_n_available
 .text.tud_cdc_n_read
                0x000000001000622c       0x70 CMakeFiles/pico_micro_ros_example.dir/home/cameron/pico-sdk/lib/tinyusb/src/class/cdc/cdc_device.c.obj
                0x000000001000622c                tud_cdc_n_read
 .text.tud_cdc_n_write_flush
                0x000000001000629c       0x78 CMakeFiles/pico_micro_ros_example.dir/home/cameron/pico-sdk/lib/tinyusb/src/class/cdc/cdc_device.c.obj
                0x000000001000629c                tud_cdc_n_write_flush
 .text.tud_cdc_n_write
                0x0000000010006314       0x34 CMakeFiles/pico_micro_ros_example.dir/home/cameron/pico-sdk/lib/tinyusb/src/class/cdc/cdc_device.c.obj
                0x0000000010006314                tud_cdc_n_write
 .text.tud_cdc_n_write_available
                0x0000000010006348       0x18 CMakeFiles/pico_micro_ros_example.dir/home/cameron/pico-sdk/lib/tinyusb/src/class/cdc/cdc_device.c.obj
                0x0000000010006348                tud_cdc_n_write_available
 .text.cdcd_init
                0x0000000010006360       0x7c CMakeFiles/pico_micro_ros_example.dir/home/cameron/pico-sdk/lib/tinyusb/src/class/cdc/cdc_device.c.obj
                0x0000000010006360                cdcd_init
 .text.cdcd_reset
                0x00000000100063dc       0x2c CMakeFiles/pico_micro_ros_example.dir/home/cameron/pico-sdk/lib/tinyusb/src/class/cdc/cdc_device.c.obj
                0x00000000100063dc                cdcd_reset
 .text.cdcd_open
                0x0000000010006408       0xe8 CMakeFiles/pico_micro_ros_example.dir/home/cameron/pico-sdk/lib/tinyusb/src/class/cdc/cdc_device.c.obj
                0x0000000010006408                cdcd_open
 .text.cdcd_control_xfer_cb
                0x00000000100064f0       0xe4 CMakeFiles/pico_micro_ros_example.dir/home/cameron/pico-sdk/lib/tinyusb/src/class/cdc/cdc_device.c.obj
                0x00000000100064f0                cdcd_control_xfer_cb
 .text.cdcd_xfer_cb
                0x00000000100065d4      0x148 CMakeFiles/pico_micro_ros_example.dir/home/cameron/pico-sdk/lib/tinyusb/src/class/cdc/cdc_device.c.obj
                0x00000000100065d4                cdcd_xfer_cb
 .text.tusb_init
                0x000000001000671c        0xc CMakeFiles/pico_micro_ros_example.dir/home/cameron/pico-sdk/lib/tinyusb/src/tusb.c.obj
                0x000000001000671c                tusb_init
 .text.tusb_inited
                0x0000000010006728        0x8 CMakeFiles/pico_micro_ros_example.dir/home/cameron/pico-sdk/lib/tinyusb/src/tusb.c.obj
                0x0000000010006728                tusb_inited
 .text.tu_edpt_claim
                0x0000000010006730       0x50 CMakeFiles/pico_micro_ros_example.dir/home/cameron/pico-sdk/lib/tinyusb/src/tusb.c.obj
                0x0000000010006730                tu_edpt_claim
 .text.tu_edpt_release
                0x0000000010006780       0x38 CMakeFiles/pico_micro_ros_example.dir/home/cameron/pico-sdk/lib/tinyusb/src/tusb.c.obj
                0x0000000010006780                tu_edpt_release
 .text.tu_edpt_validate
                0x00000000100067b8       0x78 CMakeFiles/pico_micro_ros_example.dir/home/cameron/pico-sdk/lib/tinyusb/src/tusb.c.obj
                0x00000000100067b8                tu_edpt_validate
 .text.tu_edpt_bind_driver
                0x0000000010006830       0x34 CMakeFiles/pico_micro_ros_example.dir/home/cameron/pico-sdk/lib/tinyusb/src/tusb.c.obj
                0x0000000010006830                tu_edpt_bind_driver
 .text.tu_fifo_config
                0x0000000010006864       0x70 CMakeFiles/pico_micro_ros_example.dir/home/cameron/pico-sdk/lib/tinyusb/src/common/tusb_fifo.c.obj
                0x0000000010006864                tu_fifo_config
 .text.tu_fifo_count
                0x00000000100068d4       0x2c CMakeFiles/pico_micro_ros_example.dir/home/cameron/pico-sdk/lib/tinyusb/src/common/tusb_fifo.c.obj
                0x00000000100068d4                tu_fifo_count
 .text.tu_fifo_empty
                0x0000000010006900       0x10 CMakeFiles/pico_micro_ros_example.dir/home/cameron/pico-sdk/lib/tinyusb/src/common/tusb_fifo.c.obj
                0x0000000010006900                tu_fifo_empty
 .text.tu_fifo_remaining
                0x0000000010006910       0x2c CMakeFiles/pico_micro_ros_example.dir/home/cameron/pico-sdk/lib/tinyusb/src/common/tusb_fifo.c.obj
                0x0000000010006910                tu_fifo_remaining
 .text.tu_fifo_read
                0x000000001000693c       0xa0 CMakeFiles/pico_micro_ros_example.dir/home/cameron/pico-sdk/lib/tinyusb/src/common/tusb_fifo.c.obj
                0x000000001000693c                tu_fifo_read
 .text.tu_fifo_read_n
                0x00000000100069dc       0xec CMakeFiles/pico_micro_ros_example.dir/home/cameron/pico-sdk/lib/tinyusb/src/common/tusb_fifo.c.obj
                0x00000000100069dc                tu_fifo_read_n
 .text.tu_fifo_write
                0x0000000010006ac8       0x88 CMakeFiles/pico_micro_ros_example.dir/home/cameron/pico-sdk/lib/tinyusb/src/common/tusb_fifo.c.obj
                0x0000000010006ac8                tu_fifo_write
 .text.tu_fifo_write_n
                0x0000000010006b50      0x168 CMakeFiles/pico_micro_ros_example.dir/home/cameron/pico-sdk/lib/tinyusb/src/common/tusb_fifo.c.obj
                0x0000000010006b50                tu_fifo_write_n
 .text.tu_fifo_clear
                0x0000000010006cb8       0x40 CMakeFiles/pico_micro_ros_example.dir/home/cameron/pico-sdk/lib/tinyusb/src/common/tusb_fifo.c.obj
                0x0000000010006cb8                tu_fifo_clear
 .text.tu_fifo_set_overwritable
                0x0000000010006cf8       0x48 CMakeFiles/pico_micro_ros_example.dir/home/cameron/pico-sdk/lib/tinyusb/src/common/tusb_fifo.c.obj
                0x0000000010006cf8                tu_fifo_set_overwritable
 .text.rcl_get_zero_initialized_node
                0x0000000010006d40       0x10 /home/cameron/Astrobotics/wtfisgoingon/micro_ros_raspberrypi_pico_sdk/micro_ros_raspberrypi_pico_sdk/libmicroros/libmicroros.a(librcl-node.c.obj)
                0x0000000010006d40                rcl_get_zero_initialized_node
 .text.rcl_node_init
                0x0000000010006d50      0x29c /home/cameron/Astrobotics/wtfisgoingon/micro_ros_raspberrypi_pico_sdk/micro_ros_raspberrypi_pico_sdk/libmicroros/libmicroros.a(librcl-node.c.obj)
                0x0000000010006d50                rcl_node_init
 .text.rcl_node_fini
                0x0000000010006fec       0x54 /home/cameron/Astrobotics/wtfisgoingon/micro_ros_raspberrypi_pico_sdk/micro_ros_raspberrypi_pico_sdk/libmicroros/libmicroros.a(librcl-node.c.obj)
                0x0000000010006fec                rcl_node_fini
 .text.rcl_node_is_valid_except_context
                0x0000000010007040       0x18 /home/cameron/Astrobotics/wtfisgoingon/micro_ros_raspberrypi_pico_sdk/micro_ros_raspberrypi_pico_sdk/libmicroros/libmicroros.a(librcl-node.c.obj)
                0x0000000010007040                rcl_node_is_valid_except_context
 .text.rcl_node_is_valid
                0x0000000010007058       0x20 /home/cameron/Astrobotics/wtfisgoingon/micro_ros_raspberrypi_pico_sdk/micro_ros_raspberrypi_pico_sdk/libmicroros/libmicroros.a(librcl-node.c.obj)
                0x0000000010007058                rcl_node_is_valid
 .text.rcl_node_get_name
                0x0000000010007078       0x18 /home/cameron/Astrobotics/wtfisgoingon/micro_ros_raspberrypi_pico_sdk/micro_ros_raspberrypi_pico_sdk/libmicroros/libmicroros.a(librcl-node.c.obj)
                0x0000000010007078                rcl_node_get_name
 .text.rcl_node_get_namespace
                0x0000000010007090       0x18 /home/cameron/Astrobotics/wtfisgoingon/micro_ros_raspberrypi_pico_sdk/micro_ros_raspberrypi_pico_sdk/libmicroros/libmicroros.a(librcl-node.c.obj)
                0x0000000010007090                rcl_node_get_namespace
 .text.rcl_node_get_options
                0x00000000100070a8       0x1c /home/cameron/Astrobotics/wtfisgoingon/micro_ros_raspberrypi_pico_sdk/micro_ros_raspberrypi_pico_sdk/libmicroros/libmicroros.a(librcl-node.c.obj)
                0x00000000100070a8                rcl_node_get_options
 .text.rcl_node_get_rmw_handle
                0x00000000100070c4       0x14 /home/cameron/Astrobotics/wtfisgoingon/micro_ros_raspberrypi_pico_sdk/micro_ros_raspberrypi_pico_sdk/libmicroros/libmicroros.a(librcl-node.c.obj)
                0x00000000100070c4                rcl_node_get_rmw_handle
 .text.rcl_node_get_default_options
                0x00000000100070d8       0x1c /home/cameron/Astrobotics/wtfisgoingon/micro_ros_raspberrypi_pico_sdk/micro_ros_raspberrypi_pico_sdk/libmicroros/libmicroros.a(librcl-node_options.c.obj)
                0x00000000100070d8                rcl_node_get_default_options
 .text.rcl_node_options_copy
                0x00000000100070f4       0x38 /home/cameron/Astrobotics/wtfisgoingon/micro_ros_raspberrypi_pico_sdk/micro_ros_raspberrypi_pico_sdk/libmicroros/libmicroros.a(librcl-node_options.c.obj)
                0x00000000100070f4                rcl_node_options_copy
 .text.rcl_get_zero_initialized_subscription
                0x000000001000712c        0xc /home/cameron/Astrobotics/wtfisgoingon/micro_ros_raspberrypi_pico_sdk/micro_ros_raspberrypi_pico_sdk/libmicroros/libmicroros.a(librcl-subscription.c.obj)
                0x000000001000712c                rcl_get_zero_initialized_subscription
 .text.rcl_subscription_init
                0x0000000010007138      0x15c /home/cameron/Astrobotics/wtfisgoingon/micro_ros_raspberrypi_pico_sdk/micro_ros_raspberrypi_pico_sdk/libmicroros/libmicroros.a(librcl-subscription.c.obj)
                0x0000000010007138                rcl_subscription_init
 .text.rcl_subscription_fini
                0x0000000010007294       0xb0 /home/cameron/Astrobotics/wtfisgoingon/micro_ros_raspberrypi_pico_sdk/micro_ros_raspberrypi_pico_sdk/libmicroros/libmicroros.a(librcl-subscription.c.obj)
                0x0000000010007294                rcl_subscription_fini
 .text.rcl_subscription_get_default_options
                0x0000000010007344       0x50 /home/cameron/Astrobotics/wtfisgoingon/micro_ros_raspberrypi_pico_sdk/micro_ros_raspberrypi_pico_sdk/libmicroros/libmicroros.a(librcl-subscription.c.obj)
                0x0000000010007344                rcl_subscription_get_default_options
 .text.rcl_take
                0x0000000010007394       0x84 /home/cameron/Astrobotics/wtfisgoingon/micro_ros_raspberrypi_pico_sdk/micro_ros_raspberrypi_pico_sdk/libmicroros/libmicroros.a(librcl-subscription.c.obj)
                0x0000000010007394                rcl_take
 .text.rcl_subscription_get_rmw_handle
                0x0000000010007418       0x14 /home/cameron/Astrobotics/wtfisgoingon/micro_ros_raspberrypi_pico_sdk/micro_ros_raspberrypi_pico_sdk/libmicroros/libmicroros.a(librcl-subscription.c.obj)
                0x0000000010007418                rcl_subscription_get_rmw_handle
 .text.rcl_subscription_is_valid
                0x000000001000742c       0x1c /home/cameron/Astrobotics/wtfisgoingon/micro_ros_raspberrypi_pico_sdk/micro_ros_raspberrypi_pico_sdk/libmicroros/libmicroros.a(librcl-subscription.c.obj)
                0x000000001000742c                rcl_subscription_is_valid
 .text._rclc_check_for_new_data
                0x0000000010007448       0x90 /home/cameron/Astrobotics/wtfisgoingon/micro_ros_raspberrypi_pico_sdk/micro_ros_raspberrypi_pico_sdk/libmicroros/libmicroros.a(librclc-executor.c.obj)
 .text._rclc_take_new_data
                0x00000000100074d8      0x2c8 /home/cameron/Astrobotics/wtfisgoingon/micro_ros_raspberrypi_pico_sdk/micro_ros_raspberrypi_pico_sdk/libmicroros/libmicroros.a(librclc-executor.c.obj)
 .text._rclc_execute.part.0
                0x00000000100077a0      0x29c /home/cameron/Astrobotics/wtfisgoingon/micro_ros_raspberrypi_pico_sdk/micro_ros_raspberrypi_pico_sdk/libmicroros/libmicroros.a(librclc-executor.c.obj)
 .text.rclc_executor_trigger_any
                0x0000000010007a3c       0x7c /home/cameron/Astrobotics/wtfisgoingon/micro_ros_raspberrypi_pico_sdk/micro_ros_raspberrypi_pico_sdk/libmicroros/libmicroros.a(librclc-executor.c.obj)
                0x0000000010007a3c                rclc_executor_trigger_any
 .text.rclc_executor_init
                0x0000000010007ab8       0xc0 /home/cameron/Astrobotics/wtfisgoingon/micro_ros_raspberrypi_pico_sdk/micro_ros_raspberrypi_pico_sdk/libmicroros/libmicroros.a(librclc-executor.c.obj)
                0x0000000010007ab8                rclc_executor_init
 .text.rclc_executor_fini
                0x0000000010007b78       0x60 /home/cameron/Astrobotics/wtfisgoingon/micro_ros_raspberrypi_pico_sdk/micro_ros_raspberrypi_pico_sdk/libmicroros/libmicroros.a(librclc-executor.c.obj)
                0x0000000010007b78                rclc_executor_fini
 .text.rclc_executor_add_subscription
                0x0000000010007bd8       0x74 /home/cameron/Astrobotics/wtfisgoingon/micro_ros_raspberrypi_pico_sdk/micro_ros_raspberrypi_pico_sdk/libmicroros/libmicroros.a(librclc-executor.c.obj)
                0x0000000010007bd8                rclc_executor_add_subscription
 .text.rclc_executor_prepare
                0x0000000010007c4c       0x88 /home/cameron/Astrobotics/wtfisgoingon/micro_ros_raspberrypi_pico_sdk/micro_ros_raspberrypi_pico_sdk/libmicroros/libmicroros.a(librclc-executor.c.obj)
                0x0000000010007c4c                rclc_executor_prepare
 .text.rclc_executor_spin_some.part.0
                0x0000000010007cd4      0x378 /home/cameron/Astrobotics/wtfisgoingon/micro_ros_raspberrypi_pico_sdk/micro_ros_raspberrypi_pico_sdk/libmicroros/libmicroros.a(librclc-executor.c.obj)
 .text.rclc_executor_spin
                0x000000001000804c       0x34 /home/cameron/Astrobotics/wtfisgoingon/micro_ros_raspberrypi_pico_sdk/micro_ros_raspberrypi_pico_sdk/libmicroros/libmicroros.a(librclc-executor.c.obj)
                0x000000001000804c                rclc_executor_spin
 .text.rclc_executor_handle_counters_zero_init
                0x0000000010008080       0x18 /home/cameron/Astrobotics/wtfisgoingon/micro_ros_raspberrypi_pico_sdk/micro_ros_raspberrypi_pico_sdk/libmicroros/libmicroros.a(librclc-executor_handle.c.obj)
                0x0000000010008080                rclc_executor_handle_counters_zero_init
 .text.rclc_executor_handle_init
                0x0000000010008098       0x28 /home/cameron/Astrobotics/wtfisgoingon/micro_ros_raspberrypi_pico_sdk/micro_ros_raspberrypi_pico_sdk/libmicroros/libmicroros.a(librclc-executor_handle.c.obj)
                0x0000000010008098                rclc_executor_handle_init
 .text.rclc_support_init
                0x00000000100080c0       0x94 /home/cameron/Astrobotics/wtfisgoingon/micro_ros_raspberrypi_pico_sdk/micro_ros_raspberrypi_pico_sdk/libmicroros/libmicroros.a(librclc-init.c.obj)
                0x00000000100080c0                rclc_support_init
 .text.rclc_support_fini
                0x0000000010008154       0x54 /home/cameron/Astrobotics/wtfisgoingon/micro_ros_raspberrypi_pico_sdk/micro_ros_raspberrypi_pico_sdk/libmicroros/libmicroros.a(librclc-init.c.obj)
                0x0000000010008154                rclc_support_fini
 .text.rclc_node_init_default
                0x00000000100081a8       0x74 /home/cameron/Astrobotics/wtfisgoingon/micro_ros_raspberrypi_pico_sdk/micro_ros_raspberrypi_pico_sdk/libmicroros/libmicroros.a(librclc-node.c.obj)
                0x00000000100081a8                rclc_node_init_default
 .text.rclc_subscription_init_default
                0x000000001000821c       0x68 /home/cameron/Astrobotics/wtfisgoingon/micro_ros_raspberrypi_pico_sdk/micro_ros_raspberrypi_pico_sdk/libmicroros/libmicroros.a(librclc-subscription.c.obj)
                0x000000001000821c                rclc_subscription_init_default
 .text.__default_zero_allocate
                0x0000000010008284        0x8 /home/cameron/Astrobotics/wtfisgoingon/micro_ros_raspberrypi_pico_sdk/micro_ros_raspberrypi_pico_sdk/libmicroros/libmicroros.a(librcutils-allocator.c.obj)
 .text.__default_reallocate
                0x000000001000828c        0x8 /home/cameron/Astrobotics/wtfisgoingon/micro_ros_raspberrypi_pico_sdk/micro_ros_raspberrypi_pico_sdk/libmicroros/libmicroros.a(librcutils-allocator.c.obj)
 .text.__default_deallocate
                0x0000000010008294        0x8 /home/cameron/Astrobotics/wtfisgoingon/micro_ros_raspberrypi_pico_sdk/micro_ros_raspberrypi_pico_sdk/libmicroros/libmicroros.a(librcutils-allocator.c.obj)
 .text.__default_allocate
                0x000000001000829c        0x8 /home/cameron/Astrobotics/wtfisgoingon/micro_ros_raspberrypi_pico_sdk/micro_ros_raspberrypi_pico_sdk/libmicroros/libmicroros.a(librcutils-allocator.c.obj)
 .text.rcutils_get_default_allocator
                0x00000000100082a4       0x14 /home/cameron/Astrobotics/wtfisgoingon/micro_ros_raspberrypi_pico_sdk/micro_ros_raspberrypi_pico_sdk/libmicroros/libmicroros.a(librcutils-allocator.c.obj)
                0x00000000100082a4                rcutils_get_default_allocator
 .text.rcutils_allocator_is_valid
                0x00000000100082b8       0x24 /home/cameron/Astrobotics/wtfisgoingon/micro_ros_raspberrypi_pico_sdk/micro_ros_raspberrypi_pico_sdk/libmicroros/libmicroros.a(librcutils-allocator.c.obj)
                0x00000000100082b8                rcutils_allocator_is_valid
 .text.rcutils_get_env
                0x00000000100082dc       0x34 /home/cameron/Astrobotics/wtfisgoingon/micro_ros_raspberrypi_pico_sdk/micro_ros_raspberrypi_pico_sdk/libmicroros/libmicroros.a(librcutils-env.c.obj)
                0x00000000100082dc                rcutils_get_env
 .text.rcutils_get_error_string
                0x0000000010008310       0x34 /home/cameron/Astrobotics/wtfisgoingon/micro_ros_raspberrypi_pico_sdk/micro_ros_raspberrypi_pico_sdk/libmicroros/libmicroros.a(librcutils-error_handling.c.obj)
                0x0000000010008310                rcutils_get_error_string
 .text.rcutils_reset_error
                0x0000000010008344       0x38 /home/cameron/Astrobotics/wtfisgoingon/micro_ros_raspberrypi_pico_sdk/micro_ros_raspberrypi_pico_sdk/libmicroros/libmicroros.a(librcutils-error_handling.c.obj)
                0x0000000010008344                rcutils_reset_error
 .text.rcutils_format_string_limit
                0x000000001000837c       0x78 /home/cameron/Astrobotics/wtfisgoingon/micro_ros_raspberrypi_pico_sdk/micro_ros_raspberrypi_pico_sdk/libmicroros/libmicroros.a(librcutils-format_string.c.obj)
                0x000000001000837c                rcutils_format_string_limit
 .text.rcutils_repl_str
                0x00000000100083f4      0x160 /home/cameron/Astrobotics/wtfisgoingon/micro_ros_raspberrypi_pico_sdk/micro_ros_raspberrypi_pico_sdk/libmicroros/libmicroros.a(librcutils-repl_str.c.obj)
                0x00000000100083f4                rcutils_repl_str
 .text.rcutils_snprintf
                0x0000000010008554       0x38 /home/cameron/Astrobotics/wtfisgoingon/micro_ros_raspberrypi_pico_sdk/micro_ros_raspberrypi_pico_sdk/libmicroros/libmicroros.a(librcutils-snprintf.c.obj)
                0x0000000010008554                rcutils_snprintf
 .text.rcutils_vsnprintf
                0x000000001000858c       0x28 /home/cameron/Astrobotics/wtfisgoingon/micro_ros_raspberrypi_pico_sdk/micro_ros_raspberrypi_pico_sdk/libmicroros/libmicroros.a(librcutils-snprintf.c.obj)
                0x000000001000858c                rcutils_vsnprintf
 .text.rcutils_strdup
                0x00000000100085b4       0x3c /home/cameron/Astrobotics/wtfisgoingon/micro_ros_raspberrypi_pico_sdk/micro_ros_raspberrypi_pico_sdk/libmicroros/libmicroros.a(librcutils-strdup.c.obj)
                0x00000000100085b4                rcutils_strdup
 .text.rcutils_strndup
                0x00000000100085f0       0x38 /home/cameron/Astrobotics/wtfisgoingon/micro_ros_raspberrypi_pico_sdk/micro_ros_raspberrypi_pico_sdk/libmicroros/libmicroros.a(librcutils-strdup.c.obj)
                0x00000000100085f0                rcutils_strndup
 .text.rcutils_system_time_now
                0x0000000010008628       0x4c /home/cameron/Astrobotics/wtfisgoingon/micro_ros_raspberrypi_pico_sdk/micro_ros_raspberrypi_pico_sdk/libmicroros/libmicroros.a(librcutils-time_unix.c.obj)
                0x0000000010008628                rcutils_system_time_now
 .text.rcutils_steady_time_now
                0x0000000010008674       0x4c /home/cameron/Astrobotics/wtfisgoingon/micro_ros_raspberrypi_pico_sdk/micro_ros_raspberrypi_pico_sdk/libmicroros/libmicroros.a(librcutils-time_unix.c.obj)
                0x0000000010008674                rcutils_steady_time_now
 .text.rmw_subscription_content_filter_options_fini
                0x00000000100086c0       0x34 /home/cameron/Astrobotics/wtfisgoingon/micro_ros_raspberrypi_pico_sdk/micro_ros_raspberrypi_pico_sdk/libmicroros/libmicroros.a(librmw-subscription_content_filter_options.c.obj)
                0x00000000100086c0                rmw_subscription_content_filter_options_fini
 .text.rmw_get_default_subscription_options
                0x00000000100086f4       0x10 /home/cameron/Astrobotics/wtfisgoingon/micro_ros_raspberrypi_pico_sdk/micro_ros_raspberrypi_pico_sdk/libmicroros/libmicroros.a(librmw-subscription_options.c.obj)
                0x00000000100086f4                rmw_get_default_subscription_options
 .text.rmw_get_zero_initialized_message_info
                0x0000000010008704       0x10 /home/cameron/Astrobotics/wtfisgoingon/micro_ros_raspberrypi_pico_sdk/micro_ros_raspberrypi_pico_sdk/libmicroros/libmicroros.a(librmw-types.c.obj)
                0x0000000010008704                rmw_get_zero_initialized_message_info
 .text.rmw_validate_namespace_with_size
                0x0000000010008714       0xa4 /home/cameron/Astrobotics/wtfisgoingon/micro_ros_raspberrypi_pico_sdk/micro_ros_raspberrypi_pico_sdk/libmicroros/libmicroros.a(librmw-validate_namespace.c.obj)
                0x0000000010008714                rmw_validate_namespace_with_size
 .text.rmw_validate_namespace
                0x00000000100087b8       0x24 /home/cameron/Astrobotics/wtfisgoingon/micro_ros_raspberrypi_pico_sdk/micro_ros_raspberrypi_pico_sdk/libmicroros/libmicroros.a(librmw-validate_namespace.c.obj)
                0x00000000100087b8                rmw_validate_namespace
 .text.rmw_namespace_validation_result_string
                0x00000000100087dc       0x18 /home/cameron/Astrobotics/wtfisgoingon/micro_ros_raspberrypi_pico_sdk/micro_ros_raspberrypi_pico_sdk/libmicroros/libmicroros.a(librmw-validate_namespace.c.obj)
                0x00000000100087dc                rmw_namespace_validation_result_string
 .text.rmw_validate_node_name
                0x00000000100087f4       0xa4 /home/cameron/Astrobotics/wtfisgoingon/micro_ros_raspberrypi_pico_sdk/micro_ros_raspberrypi_pico_sdk/libmicroros/libmicroros.a(librmw-validate_node_name.c.obj)
                0x00000000100087f4                rmw_validate_node_name
 .text.rmw_node_name_validation_result_string
                0x0000000010008898       0x18 /home/cameron/Astrobotics/wtfisgoingon/micro_ros_raspberrypi_pico_sdk/micro_ros_raspberrypi_pico_sdk/libmicroros/libmicroros.a(librmw-validate_node_name.c.obj)
                0x0000000010008898                rmw_node_name_validation_result_string
 .text.rmw_uros_set_custom_transport
                0x00000000100088b0       0x34 /home/cameron/Astrobotics/wtfisgoingon/micro_ros_raspberrypi_pico_sdk/micro_ros_raspberrypi_pico_sdk/libmicroros/libmicroros.a(librmw_microxrcedds-custom_transport.c.obj)
                0x00000000100088b0                rmw_uros_set_custom_transport
 .text.create_node
                0x00000000100088e4      0x128 /home/cameron/Astrobotics/wtfisgoingon/micro_ros_raspberrypi_pico_sdk/micro_ros_raspberrypi_pico_sdk/libmicroros/libmicroros.a(librmw_microxrcedds-rmw_node.c.obj)
                0x00000000100088e4                create_node
 .text.rmw_create_node
                0x0000000010008a0c       0x2c /home/cameron/Astrobotics/wtfisgoingon/micro_ros_raspberrypi_pico_sdk/micro_ros_raspberrypi_pico_sdk/libmicroros/libmicroros.a(librmw_microxrcedds-rmw_node.c.obj)
                0x0000000010008a0c                rmw_create_node
 .text.rmw_destroy_node
                0x0000000010008a38      0x12c /home/cameron/Astrobotics/wtfisgoingon/micro_ros_raspberrypi_pico_sdk/micro_ros_raspberrypi_pico_sdk/libmicroros/libmicroros.a(librmw_microxrcedds-rmw_node.c.obj)
                0x0000000010008a38                rmw_destroy_node
 .text.rmw_node_get_graph_guard_condition
                0x0000000010008b64       0x10 /home/cameron/Astrobotics/wtfisgoingon/micro_ros_raspberrypi_pico_sdk/micro_ros_raspberrypi_pico_sdk/libmicroros/libmicroros.a(librmw_microxrcedds-rmw_node.c.obj)
                0x0000000010008b64                rmw_node_get_graph_guard_condition
 .text.rmw_destroy_publisher
                0x0000000010008b74       0xf4 /home/cameron/Astrobotics/wtfisgoingon/micro_ros_raspberrypi_pico_sdk/micro_ros_raspberrypi_pico_sdk/libmicroros/libmicroros.a(librmw_microxrcedds-rmw_publisher.c.obj)
                0x0000000010008b74                rmw_destroy_publisher
 .text.rmw_destroy_service
                0x0000000010008c68       0xd0 /home/cameron/Astrobotics/wtfisgoingon/micro_ros_raspberrypi_pico_sdk/micro_ros_raspberrypi_pico_sdk/libmicroros/libmicroros.a(librmw_microxrcedds-rmw_service.c.obj)
                0x0000000010008c68                rmw_destroy_service
 .text.rmw_create_subscription
                0x0000000010008d38      0x22c /home/cameron/Astrobotics/wtfisgoingon/micro_ros_raspberrypi_pico_sdk/micro_ros_raspberrypi_pico_sdk/libmicroros/libmicroros.a(librmw_microxrcedds-rmw_subscription.c.obj)
                0x0000000010008d38                rmw_create_subscription
 .text.rmw_subscription_get_actual_qos
                0x0000000010008f64       0x20 /home/cameron/Astrobotics/wtfisgoingon/micro_ros_raspberrypi_pico_sdk/micro_ros_raspberrypi_pico_sdk/libmicroros/libmicroros.a(librmw_microxrcedds-rmw_subscription.c.obj)
                0x0000000010008f64                rmw_subscription_get_actual_qos
 .text.rmw_destroy_subscription
                0x0000000010008f84      0x128 /home/cameron/Astrobotics/wtfisgoingon/micro_ros_raspberrypi_pico_sdk/micro_ros_raspberrypi_pico_sdk/libmicroros/libmicroros.a(librmw_microxrcedds-rmw_subscription.c.obj)
                0x0000000010008f84                rmw_destroy_subscription
 .text.rmw_take_with_info
                0x00000000100090ac       0xac /home/cameron/Astrobotics/wtfisgoingon/micro_ros_raspberrypi_pico_sdk/micro_ros_raspberrypi_pico_sdk/libmicroros/libmicroros.a(librmw_microxrcedds-rmw_take.c.obj)
                0x00000000100090ac                rmw_take_with_info
 .text.rmw_uxrce_init_service_memory
                0x0000000010009158       0x48 /home/cameron/Astrobotics/wtfisgoingon/micro_ros_raspberrypi_pico_sdk/micro_ros_raspberrypi_pico_sdk/libmicroros/libmicroros.a(librmw_microxrcedds-types.c.obj)
                0x0000000010009158                rmw_uxrce_init_service_memory
 .text.rmw_uxrce_init_client_memory
                0x00000000100091a0       0x48 /home/cameron/Astrobotics/wtfisgoingon/micro_ros_raspberrypi_pico_sdk/micro_ros_raspberrypi_pico_sdk/libmicroros/libmicroros.a(librmw_microxrcedds-types.c.obj)
                0x00000000100091a0                rmw_uxrce_init_client_memory
 .text.rmw_uxrce_init_publisher_memory
                0x00000000100091e8       0x48 /home/cameron/Astrobotics/wtfisgoingon/micro_ros_raspberrypi_pico_sdk/micro_ros_raspberrypi_pico_sdk/libmicroros/libmicroros.a(librmw_microxrcedds-types.c.obj)
                0x00000000100091e8                rmw_uxrce_init_publisher_memory
 .text.rmw_uxrce_init_subscription_memory
                0x0000000010009230       0x48 /home/cameron/Astrobotics/wtfisgoingon/micro_ros_raspberrypi_pico_sdk/micro_ros_raspberrypi_pico_sdk/libmicroros/libmicroros.a(librmw_microxrcedds-types.c.obj)
                0x0000000010009230                rmw_uxrce_init_subscription_memory
 .text.rmw_uxrce_init_node_memory
                0x0000000010009278       0x48 /home/cameron/Astrobotics/wtfisgoingon/micro_ros_raspberrypi_pico_sdk/micro_ros_raspberrypi_pico_sdk/libmicroros/libmicroros.a(librmw_microxrcedds-types.c.obj)
                0x0000000010009278                rmw_uxrce_init_node_memory
 .text.rmw_uxrce_init_session_memory
                0x00000000100092c0       0x50 /home/cameron/Astrobotics/wtfisgoingon/micro_ros_raspberrypi_pico_sdk/micro_ros_raspberrypi_pico_sdk/libmicroros/libmicroros.a(librmw_microxrcedds-types.c.obj)
                0x00000000100092c0                rmw_uxrce_init_session_memory
 .text.rmw_uxrce_init_topic_memory
                0x0000000010009310       0x48 /home/cameron/Astrobotics/wtfisgoingon/micro_ros_raspberrypi_pico_sdk/micro_ros_raspberrypi_pico_sdk/libmicroros/libmicroros.a(librmw_microxrcedds-types.c.obj)
                0x0000000010009310                rmw_uxrce_init_topic_memory
 .text.rmw_uxrce_init_static_input_buffer_memory
                0x0000000010009358       0x50 /home/cameron/Astrobotics/wtfisgoingon/micro_ros_raspberrypi_pico_sdk/micro_ros_raspberrypi_pico_sdk/libmicroros/libmicroros.a(librmw_microxrcedds-types.c.obj)
                0x0000000010009358                rmw_uxrce_init_static_input_buffer_memory
 .text.rmw_uxrce_init_init_options_impl_memory
                0x00000000100093a8       0x48 /home/cameron/Astrobotics/wtfisgoingon/micro_ros_raspberrypi_pico_sdk/micro_ros_raspberrypi_pico_sdk/libmicroros/libmicroros.a(librmw_microxrcedds-types.c.obj)
                0x00000000100093a8                rmw_uxrce_init_init_options_impl_memory
 .text.rmw_uxrce_init_wait_set_memory
                0x00000000100093f0       0x48 /home/cameron/Astrobotics/wtfisgoingon/micro_ros_raspberrypi_pico_sdk/micro_ros_raspberrypi_pico_sdk/libmicroros/libmicroros.a(librmw_microxrcedds-types.c.obj)
                0x00000000100093f0                rmw_uxrce_init_wait_set_memory
 .text.rmw_uxrce_init_guard_condition_memory
                0x0000000010009438       0x48 /home/cameron/Astrobotics/wtfisgoingon/micro_ros_raspberrypi_pico_sdk/micro_ros_raspberrypi_pico_sdk/libmicroros/libmicroros.a(librmw_microxrcedds-types.c.obj)
                0x0000000010009438                rmw_uxrce_init_guard_condition_memory
 .text.rmw_uxrce_fini_session_memory
                0x0000000010009480       0x10 /home/cameron/Astrobotics/wtfisgoingon/micro_ros_raspberrypi_pico_sdk/micro_ros_raspberrypi_pico_sdk/libmicroros/libmicroros.a(librmw_microxrcedds-types.c.obj)
                0x0000000010009480                rmw_uxrce_fini_session_memory
 .text.rmw_uxrce_fini_node_memory
                0x0000000010009490       0x34 /home/cameron/Astrobotics/wtfisgoingon/micro_ros_raspberrypi_pico_sdk/micro_ros_raspberrypi_pico_sdk/libmicroros/libmicroros.a(librmw_microxrcedds-types.c.obj)
                0x0000000010009490                rmw_uxrce_fini_node_memory
 .text.rmw_uxrce_fini_publisher_memory
                0x00000000100094c4       0x34 /home/cameron/Astrobotics/wtfisgoingon/micro_ros_raspberrypi_pico_sdk/micro_ros_raspberrypi_pico_sdk/libmicroros/libmicroros.a(librmw_microxrcedds-types.c.obj)
                0x00000000100094c4                rmw_uxrce_fini_publisher_memory
 .text.rmw_uxrce_fini_subscription_memory
                0x00000000100094f8       0x34 /home/cameron/Astrobotics/wtfisgoingon/micro_ros_raspberrypi_pico_sdk/micro_ros_raspberrypi_pico_sdk/libmicroros/libmicroros.a(librmw_microxrcedds-types.c.obj)
                0x00000000100094f8                rmw_uxrce_fini_subscription_memory
 .text.rmw_uxrce_fini_service_memory
                0x000000001000952c       0x34 /home/cameron/Astrobotics/wtfisgoingon/micro_ros_raspberrypi_pico_sdk/micro_ros_raspberrypi_pico_sdk/libmicroros/libmicroros.a(librmw_microxrcedds-types.c.obj)
                0x000000001000952c                rmw_uxrce_fini_service_memory
 .text.rmw_uxrce_fini_client_memory
                0x0000000010009560       0x34 /home/cameron/Astrobotics/wtfisgoingon/micro_ros_raspberrypi_pico_sdk/micro_ros_raspberrypi_pico_sdk/libmicroros/libmicroros.a(librmw_microxrcedds-types.c.obj)
                0x0000000010009560                rmw_uxrce_fini_client_memory
 .text.rmw_uxrce_fini_topic_memory
                0x0000000010009594       0x18 /home/cameron/Astrobotics/wtfisgoingon/micro_ros_raspberrypi_pico_sdk/micro_ros_raspberrypi_pico_sdk/libmicroros/libmicroros.a(librmw_microxrcedds-types.c.obj)
                0x0000000010009594                rmw_uxrce_fini_topic_memory
 .text.rmw_uxrce_get_static_input_buffer_for_entity
                0x00000000100095ac       0xbc /home/cameron/Astrobotics/wtfisgoingon/micro_ros_raspberrypi_pico_sdk/micro_ros_raspberrypi_pico_sdk/libmicroros/libmicroros.a(librmw_microxrcedds-types.c.obj)
                0x00000000100095ac                rmw_uxrce_get_static_input_buffer_for_entity
 .text.rmw_uxrce_find_static_input_buffer_by_owner
                0x0000000010009668       0x5c /home/cameron/Astrobotics/wtfisgoingon/micro_ros_raspberrypi_pico_sdk/micro_ros_raspberrypi_pico_sdk/libmicroros/libmicroros.a(librmw_microxrcedds-types.c.obj)
                0x0000000010009668                rmw_uxrce_find_static_input_buffer_by_owner
 .text.rmw_uxrce_clean_expired_static_input_buffer
                0x00000000100096c4       0xfc /home/cameron/Astrobotics/wtfisgoingon/micro_ros_raspberrypi_pico_sdk/micro_ros_raspberrypi_pico_sdk/libmicroros/libmicroros.a(librmw_microxrcedds-types.c.obj)
                0x00000000100096c4                rmw_uxrce_clean_expired_static_input_buffer
 .text.run_xrce_session
                0x00000000100097c0       0x40 /home/cameron/Astrobotics/wtfisgoingon/micro_ros_raspberrypi_pico_sdk/micro_ros_raspberrypi_pico_sdk/libmicroros/libmicroros.a(librmw_microxrcedds-utils.c.obj)
                0x00000000100097c0                run_xrce_session
 .text.convert_qos_profile
                0x0000000010009800       0x2c /home/cameron/Astrobotics/wtfisgoingon/micro_ros_raspberrypi_pico_sdk/micro_ros_raspberrypi_pico_sdk/libmicroros/libmicroros.a(librmw_microxrcedds-utils.c.obj)
                0x0000000010009800                convert_qos_profile
 .text.generate_type_name
                0x000000001000982c       0x68 /home/cameron/Astrobotics/wtfisgoingon/micro_ros_raspberrypi_pico_sdk/micro_ros_raspberrypi_pico_sdk/libmicroros/libmicroros.a(librmw_microxrcedds-utils.c.obj)
                0x000000001000982c                generate_type_name
 .text.generate_topic_name
                0x0000000010009894       0x38 /home/cameron/Astrobotics/wtfisgoingon/micro_ros_raspberrypi_pico_sdk/micro_ros_raspberrypi_pico_sdk/libmicroros/libmicroros.a(librmw_microxrcedds-utils.c.obj)
                0x0000000010009894                generate_topic_name
 .text.is_uxrce_rmw_identifier_valid
                0x00000000100098cc       0x20 /home/cameron/Astrobotics/wtfisgoingon/micro_ros_raspberrypi_pico_sdk/micro_ros_raspberrypi_pico_sdk/libmicroros/libmicroros.a(librmw_microxrcedds-utils.c.obj)
                0x00000000100098cc                is_uxrce_rmw_identifier_valid
 .text.get_message_typesupport_handle
                0x00000000100098ec        0x8 /home/cameron/Astrobotics/wtfisgoingon/micro_ros_raspberrypi_pico_sdk/micro_ros_raspberrypi_pico_sdk/libmicroros/libmicroros.a(librosidl_runtime_c-message_type_support.c.obj)
                0x00000000100098ec                get_message_typesupport_handle
 .text.get_message_typesupport_handle_function
                0x00000000100098f4       0x18 /home/cameron/Astrobotics/wtfisgoingon/micro_ros_raspberrypi_pico_sdk/micro_ros_raspberrypi_pico_sdk/libmicroros/libmicroros.a(librosidl_runtime_c-message_type_support.c.obj)
                0x00000000100098f4                get_message_typesupport_handle_function
 .text.rosidl_typesupport_c__get_message_type_support_handle__sensor_msgs__msg__Joy
                0x000000001000990c       0x1c /home/cameron/Astrobotics/wtfisgoingon/micro_ros_raspberrypi_pico_sdk/micro_ros_raspberrypi_pico_sdk/libmicroros/libmicroros.a(libsensor_msgs__rosidl_typesupport_c-joy__type_support.cpp.obj)
                0x000000001000990c                rosidl_typesupport_c__get_message_type_support_handle__sensor_msgs__msg__Joy
 .text.startup._GLOBAL__sub_I_rosidl_typesupport_c__get_message_type_support_handle__sensor_msgs__msg__Joy
                0x0000000010009928       0x14 /home/cameron/Astrobotics/wtfisgoingon/micro_ros_raspberrypi_pico_sdk/micro_ros_raspberrypi_pico_sdk/libmicroros/libmicroros.a(libsensor_msgs__rosidl_typesupport_c-joy__type_support.cpp.obj)
 .text.sensor_msgs__msg__Joy__rosidl_typesupport_introspection_c__size_function__Joy__axes
                0x000000001000993c        0x4 /home/cameron/Astrobotics/wtfisgoingon/micro_ros_raspberrypi_pico_sdk/micro_ros_raspberrypi_pico_sdk/libmicroros/libmicroros.a(libsensor_msgs__rosidl_typesupport_introspection_c-joy__type_support.c.obj)
                0x000000001000993c                sensor_msgs__msg__Joy__rosidl_typesupport_introspection_c__size_function__Joy__axes
 .text.sensor_msgs__msg__Joy__rosidl_typesupport_introspection_c__get_const_function__Joy__axes
                0x0000000010009940        0x8 /home/cameron/Astrobotics/wtfisgoingon/micro_ros_raspberrypi_pico_sdk/micro_ros_raspberrypi_pico_sdk/libmicroros/libmicroros.a(libsensor_msgs__rosidl_typesupport_introspection_c-joy__type_support.c.obj)
                0x0000000010009940                sensor_msgs__msg__Joy__rosidl_typesupport_introspection_c__get_const_function__Joy__axes
 .text.sensor_msgs__msg__Joy__rosidl_typesupport_introspection_c__fetch_function__Joy__axes
                0x0000000010009948        0xc /home/cameron/Astrobotics/wtfisgoingon/micro_ros_raspberrypi_pico_sdk/micro_ros_raspberrypi_pico_sdk/libmicroros/libmicroros.a(libsensor_msgs__rosidl_typesupport_introspection_c-joy__type_support.c.obj)
                0x0000000010009948                sensor_msgs__msg__Joy__rosidl_typesupport_introspection_c__fetch_function__Joy__axes
 .text.sensor_msgs__msg__Joy__rosidl_typesupport_introspection_c__assign_function__Joy__axes
                0x0000000010009954        0xc /home/cameron/Astrobotics/wtfisgoingon/micro_ros_raspberrypi_pico_sdk/micro_ros_raspberrypi_pico_sdk/libmicroros/libmicroros.a(libsensor_msgs__rosidl_typesupport_introspection_c-joy__type_support.c.obj)
                0x0000000010009954                sensor_msgs__msg__Joy__rosidl_typesupport_introspection_c__assign_function__Joy__axes
 .text.sensor_msgs__msg__Joy__rosidl_typesupport_introspection_c__size_function__Joy__buttons
                0x0000000010009960        0x4 /home/cameron/Astrobotics/wtfisgoingon/micro_ros_raspberrypi_pico_sdk/micro_ros_raspberrypi_pico_sdk/libmicroros/libmicroros.a(libsensor_msgs__rosidl_typesupport_introspection_c-joy__type_support.c.obj)
                0x0000000010009960                sensor_msgs__msg__Joy__rosidl_typesupport_introspection_c__size_function__Joy__buttons
 .text.sensor_msgs__msg__Joy__rosidl_typesupport_introspection_c__get_const_function__Joy__buttons
                0x0000000010009964        0x8 /home/cameron/Astrobotics/wtfisgoingon/micro_ros_raspberrypi_pico_sdk/micro_ros_raspberrypi_pico_sdk/libmicroros/libmicroros.a(libsensor_msgs__rosidl_typesupport_introspection_c-joy__type_support.c.obj)
                0x0000000010009964                sensor_msgs__msg__Joy__rosidl_typesupport_introspection_c__get_const_function__Joy__buttons
 .text.sensor_msgs__msg__Joy__rosidl_typesupport_introspection_c__fetch_function__Joy__buttons
                0x000000001000996c        0xc /home/cameron/Astrobotics/wtfisgoingon/micro_ros_raspberrypi_pico_sdk/micro_ros_raspberrypi_pico_sdk/libmicroros/libmicroros.a(libsensor_msgs__rosidl_typesupport_introspection_c-joy__type_support.c.obj)
                0x000000001000996c                sensor_msgs__msg__Joy__rosidl_typesupport_introspection_c__fetch_function__Joy__buttons
 .text.sensor_msgs__msg__Joy__rosidl_typesupport_introspection_c__assign_function__Joy__buttons
                0x0000000010009978        0xc /home/cameron/Astrobotics/wtfisgoingon/micro_ros_raspberrypi_pico_sdk/micro_ros_raspberrypi_pico_sdk/libmicroros/libmicroros.a(libsensor_msgs__rosidl_typesupport_introspection_c-joy__type_support.c.obj)
                0x0000000010009978                sensor_msgs__msg__Joy__rosidl_typesupport_introspection_c__assign_function__Joy__buttons
 .text.sensor_msgs__msg__Joy__rosidl_typesupport_introspection_c__Joy_init_function
                0x0000000010009984        0x8 /home/cameron/Astrobotics/wtfisgoingon/micro_ros_raspberrypi_pico_sdk/micro_ros_raspberrypi_pico_sdk/libmicroros/libmicroros.a(libsensor_msgs__rosidl_typesupport_introspection_c-joy__type_support.c.obj)
                0x0000000010009984                sensor_msgs__msg__Joy__rosidl_typesupport_introspection_c__Joy_init_function
 .text.sensor_msgs__msg__Joy__rosidl_typesupport_introspection_c__Joy_fini_function
                0x000000001000998c        0x8 /home/cameron/Astrobotics/wtfisgoingon/micro_ros_raspberrypi_pico_sdk/micro_ros_raspberrypi_pico_sdk/libmicroros/libmicroros.a(libsensor_msgs__rosidl_typesupport_introspection_c-joy__type_support.c.obj)
                0x000000001000998c                sensor_msgs__msg__Joy__rosidl_typesupport_introspection_c__Joy_fini_function
 .text.sensor_msgs__msg__Joy__rosidl_typesupport_introspection_c__resize_function__Joy__axes
                0x0000000010009994       0x14 /home/cameron/Astrobotics/wtfisgoingon/micro_ros_raspberrypi_pico_sdk/micro_ros_raspberrypi_pico_sdk/libmicroros/libmicroros.a(libsensor_msgs__rosidl_typesupport_introspection_c-joy__type_support.c.obj)
                0x0000000010009994                sensor_msgs__msg__Joy__rosidl_typesupport_introspection_c__resize_function__Joy__axes
 .text.sensor_msgs__msg__Joy__rosidl_typesupport_introspection_c__resize_function__Joy__buttons
                0x00000000100099a8       0x14 /home/cameron/Astrobotics/wtfisgoingon/micro_ros_raspberrypi_pico_sdk/micro_ros_raspberrypi_pico_sdk/libmicroros/libmicroros.a(libsensor_msgs__rosidl_typesupport_introspection_c-joy__type_support.c.obj)
                0x00000000100099a8                sensor_msgs__msg__Joy__rosidl_typesupport_introspection_c__resize_function__Joy__buttons
 .text.sensor_msgs__msg__Joy__rosidl_typesupport_introspection_c__get_function__Joy__buttons
                0x00000000100099bc        0x8 /home/cameron/Astrobotics/wtfisgoingon/micro_ros_raspberrypi_pico_sdk/micro_ros_raspberrypi_pico_sdk/libmicroros/libmicroros.a(libsensor_msgs__rosidl_typesupport_introspection_c-joy__type_support.c.obj)
                0x00000000100099bc                sensor_msgs__msg__Joy__rosidl_typesupport_introspection_c__get_function__Joy__buttons
 .text.sensor_msgs__msg__Joy__rosidl_typesupport_introspection_c__get_function__Joy__axes
                0x00000000100099c4        0x8 /home/cameron/Astrobotics/wtfisgoingon/micro_ros_raspberrypi_pico_sdk/micro_ros_raspberrypi_pico_sdk/libmicroros/libmicroros.a(libsensor_msgs__rosidl_typesupport_introspection_c-joy__type_support.c.obj)
                0x00000000100099c4                sensor_msgs__msg__Joy__rosidl_typesupport_introspection_c__get_function__Joy__axes
 .text.rosidl_typesupport_introspection_c__get_message_type_support_handle__sensor_msgs__msg__Joy
                0x00000000100099cc       0x28 /home/cameron/Astrobotics/wtfisgoingon/micro_ros_raspberrypi_pico_sdk/micro_ros_raspberrypi_pico_sdk/libmicroros/libmicroros.a(libsensor_msgs__rosidl_typesupport_introspection_c-joy__type_support.c.obj)