[0.447s] DEBUG:colcon:Command line arguments: ['/usr/bin/colcon', 'build']
[0.449s] DEBUG:colcon:Parsed command line arguments: Namespace(log_base=None, log_level=None, verb_name='build', build_base='build', install_base='install', merge_install=False, symlink_install=False, test_result_base=None, continue_on_error=False, executor='parallel', parallel_workers=12, event_handlers=None, ignore_user_meta=False, metas=['./colcon.meta'], base_paths=['.'], packages_ignore=None, packages_ignore_regex=None, paths=None, packages_up_to=None, packages_up_to_regex=None, packages_above=None, packages_above_and_dependencies=None, packages_above_depth=None, packages_select_by_dep=None, packages_skip_by_dep=None, packages_skip_up_to=None, packages_select_build_failed=False, packages_skip_build_finished=False, packages_select_test_failures=False, packages_skip_test_passed=False, packages_select=None, packages_skip=None, packages_select_regex=None, packages_skip_regex=None, packages_start=None, packages_end=None, cmake_args=None, cmake_target=None, cmake_target_skip_unavailable=False, cmake_clean_cache=False, cmake_clean_first=False, cmake_force_configure=False, ament_cmake_args=None, catkin_cmake_args=None, catkin_skip_building_tests=False, mixin_files=None, mixin=None, verb_parser=<colcon_mixin.mixin.mixin_argument.MixinArgumentDecorator object at 0x7f0cd6bfae30>, verb_extension=<colcon_core.verb.build.BuildVerb object at 0x7f0cd6d7bd30>, main=<bound method BuildVerb.main of <colcon_core.verb.build.BuildVerb object at 0x7f0cd6d7bd30>>, mixin_verb=('build',))
[0.840s] Level 1:colcon.colcon_core.package_discovery:discover_packages(colcon_meta) check parameters
[0.842s] Level 1:colcon.colcon_core.package_discovery:discover_packages(recursive) check parameters
[0.843s] Level 1:colcon.colcon_core.package_discovery:discover_packages(ignore) check parameters
[0.843s] Level 1:colcon.colcon_core.package_discovery:discover_packages(path) check parameters
[0.844s] Level 1:colcon.colcon_core.package_discovery:discover_packages(colcon_meta) discover
[0.845s] Level 1:colcon.colcon_core.package_discovery:discover_packages(recursive) discover
[0.845s] INFO:colcon.colcon_core.package_discovery:Crawling recursively for packages in '/TestBotTeaching/drivetrain'
[0.851s] Level 1:colcon.colcon_core.package_identification:_identify(.) by extensions ['ignore', 'ignore_ament_install']
[0.851s] Level 1:colcon.colcon_core.package_identification:_identify(.) by extension 'ignore'
[0.852s] Level 1:colcon.colcon_core.package_identification:_identify(.) by extension 'ignore_ament_install'
[0.854s] Level 1:colcon.colcon_core.package_identification:_identify(.) by extensions ['colcon_pkg']
[0.855s] Level 1:colcon.colcon_core.package_identification:_identify(.) by extension 'colcon_pkg'
[0.857s] Level 1:colcon.colcon_core.package_identification:_identify(.) by extensions ['colcon_meta']
[0.857s] Level 1:colcon.colcon_core.package_identification:_identify(.) by extension 'colcon_meta'
[0.858s] Level 1:colcon.colcon_core.package_identification:_identify(.) by extensions ['ros']
[0.859s] Level 1:colcon.colcon_core.package_identification:_identify(.) by extension 'ros'
[0.918s] DEBUG:colcon.colcon_core.package_identification:Package '.' with type 'ros.ament_cmake' and name 'drivetrain'
[0.918s] Level 1:colcon.colcon_core.package_discovery:discover_packages(recursive) using defaults
[0.919s] Level 1:colcon.colcon_core.package_discovery:discover_packages(ignore) discover
[0.920s] Level 1:colcon.colcon_core.package_discovery:discover_packages(ignore) using defaults
[0.921s] Level 1:colcon.colcon_core.package_discovery:discover_packages(path) discover
[0.921s] Level 1:colcon.colcon_core.package_discovery:discover_packages(path) using defaults
[0.991s] Level 5:colcon.colcon_core.verb:set package 'drivetrain' build argument 'cmake_args' from command line to 'None'
[0.992s] Level 5:colcon.colcon_core.verb:set package 'drivetrain' build argument 'cmake_target' from command line to 'None'
[0.992s] Level 5:colcon.colcon_core.verb:set package 'drivetrain' build argument 'cmake_target_skip_unavailable' from command line to 'False'
[0.994s] Level 5:colcon.colcon_core.verb:set package 'drivetrain' build argument 'cmake_clean_cache' from command line to 'False'
[0.994s] Level 5:colcon.colcon_core.verb:set package 'drivetrain' build argument 'cmake_clean_first' from command line to 'False'
[0.995s] Level 5:colcon.colcon_core.verb:set package 'drivetrain' build argument 'cmake_force_configure' from command line to 'False'
[0.996s] Level 5:colcon.colcon_core.verb:set package 'drivetrain' build argument 'ament_cmake_args' from command line to 'None'
[0.996s] Level 5:colcon.colcon_core.verb:set package 'drivetrain' build argument 'catkin_cmake_args' from command line to 'None'
[0.997s] Level 5:colcon.colcon_core.verb:set package 'drivetrain' build argument 'catkin_skip_building_tests' from command line to 'False'
[0.998s] DEBUG:colcon.colcon_core.verb:Building package 'drivetrain' with the following arguments: {'ament_cmake_args': None, 'build_base': '/TestBotTeaching/drivetrain/build/drivetrain', 'catkin_cmake_args': None, 'catkin_skip_building_tests': False, 'cmake_args': None, 'cmake_clean_cache': False, 'cmake_clean_first': False, 'cmake_force_configure': False, 'cmake_target': None, 'cmake_target_skip_unavailable': False, 'install_base': '/TestBotTeaching/drivetrain/install/drivetrain', 'merge_install': False, 'path': '/TestBotTeaching/drivetrain', 'symlink_install': False, 'test_result_base': None}
[0.999s] INFO:colcon.colcon_core.executor:Executing jobs using 'parallel' executor
[1.002s] DEBUG:colcon.colcon_parallel_executor.executor.parallel:run_until_complete
[1.003s] INFO:colcon.colcon_ros.task.ament_cmake.build:Building ROS package in '/TestBotTeaching/drivetrain' with build type 'ament_cmake'
[1.004s] INFO:colcon.colcon_cmake.task.cmake.build:Building CMake package in '/TestBotTeaching/drivetrain'
[1.016s] INFO:colcon.colcon_core.plugin_system:Skipping extension 'colcon_core.shell.bat': Not used on non-Windows systems
[1.018s] INFO:colcon.colcon_core.shell:Skip shell extension 'powershell' for command environment: Not usable outside of PowerShell
[1.019s] DEBUG:colcon.colcon_core.shell:Skip shell extension 'dsv' for command environment
[1.347s] DEBUG:colcon.colcon_core.event_handler.log_command:Invoking command in '/TestBotTeaching/drivetrain/build/drivetrain': CMAKE_PREFIX_PATH=/opt/ros/humble /usr/bin/cmake --build /TestBotTeaching/drivetrain/build/drivetrain -- -j12 -l12
[15.182s] DEBUG:colcon.colcon_core.event_handler.log_command:Invoked command in '/TestBotTeaching/drivetrain/build/drivetrain' returned '2': CMAKE_PREFIX_PATH=/opt/ros/humble /usr/bin/cmake --build /TestBotTeaching/drivetrain/build/drivetrain -- -j12 -l12
[15.254s] Level 1:colcon.colcon_core.environment:create_environment_scripts_only(drivetrain)
[15.261s] Level 1:colcon.colcon_core.environment:checking '/TestBotTeaching/drivetrain/install/drivetrain' for CMake module files
[15.527s] Level 1:colcon.colcon_core.environment:checking '/TestBotTeaching/drivetrain/install/drivetrain' for CMake config files
[15.691s] Level 1:colcon.colcon_core.environment:checking '/TestBotTeaching/drivetrain/install/drivetrain/bin'
[15.700s] Level 1:colcon.colcon_core.environment:checking '/TestBotTeaching/drivetrain/install/drivetrain/lib/pkgconfig/drivetrain.pc'
[15.712s] Level 1:colcon.colcon_core.environment:checking '/TestBotTeaching/drivetrain/install/drivetrain/lib/python3.10/site-packages'
[15.722s] Level 1:colcon.colcon_core.environment:checking '/TestBotTeaching/drivetrain/install/drivetrain/bin'
[15.731s] INFO:colcon.colcon_core.shell:Creating package script '/TestBotTeaching/drivetrain/install/drivetrain/share/drivetrain/package.ps1'
[15.794s] INFO:colcon.colcon_core.shell:Creating package descriptor '/TestBotTeaching/drivetrain/install/drivetrain/share/drivetrain/package.dsv'
[15.870s] INFO:colcon.colcon_core.shell:Creating package script '/TestBotTeaching/drivetrain/install/drivetrain/share/drivetrain/package.sh'
[15.935s] INFO:colcon.colcon_core.shell:Creating package script '/TestBotTeaching/drivetrain/install/drivetrain/share/drivetrain/package.bash'
[16.009s] INFO:colcon.colcon_core.shell:Creating package script '/TestBotTeaching/drivetrain/install/drivetrain/share/drivetrain/package.zsh'
[16.089s] Level 1:colcon.colcon_core.environment:create_file_with_runtime_dependencies(/TestBotTeaching/drivetrain/install/drivetrain/share/colcon-core/packages/drivetrain)
[16.157s] DEBUG:colcon.colcon_parallel_executor.executor.parallel:closing loop
[16.160s] DEBUG:colcon.colcon_parallel_executor.executor.parallel:loop closed
[16.163s] DEBUG:colcon.colcon_parallel_executor.executor.parallel:run_until_complete finished with '2'
[16.164s] DEBUG:colcon.colcon_core.event_reactor:joining thread
[16.218s] INFO:colcon.colcon_core.plugin_system:Skipping extension 'colcon_notification.desktop_notification.notify_send': Could not find 'notify-send'
[16.219s] INFO:colcon.colcon_core.plugin_system:Skipping extension 'colcon_notification.desktop_notification.terminal_notifier': Not used on non-Darwin systems
[16.220s] INFO:colcon.colcon_core.plugin_system:Skipping extension 'colcon_notification.desktop_notification.win32': Not used on non-Windows systems
[16.220s] INFO:colcon.colcon_notification.desktop_notification:Sending desktop notification using 'notify2'
[16.228s] DEBUG:colcon.colcon_notification.desktop_notification.notify2:Failed to initialize notify2: org.freedesktop.DBus.Error.Spawn.ExecFailed: /usr/bin/dbus-launch terminated abnormally without any error message
[16.230s] DEBUG:colcon.colcon_core.event_reactor:joined thread
[16.235s] INFO:colcon.colcon_core.shell:Creating prefix script '/TestBotTeaching/drivetrain/install/local_setup.ps1'
[16.263s] INFO:colcon.colcon_core.shell:Creating prefix util module '/TestBotTeaching/drivetrain/install/_local_setup_util_ps1.py'
[16.291s] INFO:colcon.colcon_core.shell:Creating prefix chain script '/TestBotTeaching/drivetrain/install/setup.ps1'
[16.329s] INFO:colcon.colcon_core.shell:Creating prefix script '/TestBotTeaching/drivetrain/install/local_setup.sh'
[16.366s] INFO:colcon.colcon_core.shell:Creating prefix util module '/TestBotTeaching/drivetrain/install/_local_setup_util_sh.py'
[16.403s] INFO:colcon.colcon_core.shell:Creating prefix chain script '/TestBotTeaching/drivetrain/install/setup.sh'
[16.440s] INFO:colcon.colcon_core.shell:Creating prefix script '/TestBotTeaching/drivetrain/install/local_setup.bash'
[16.476s] INFO:colcon.colcon_core.shell:Creating prefix chain script '/TestBotTeaching/drivetrain/install/setup.bash'
[16.513s] INFO:colcon.colcon_core.shell:Creating prefix script '/TestBotTeaching/drivetrain/install/local_setup.zsh'
[16.540s] INFO:colcon.colcon_core.shell:Creating prefix chain script '/TestBotTeaching/drivetrain/install/setup.zsh'
