[0.383s] DEBUG:colcon:Command line arguments: ['/usr/bin/colcon', 'build']
[0.385s] DEBUG:colcon:Parsed command line arguments: Namespace(log_base=None, log_level=None, verb_name='build', build_base='build', install_base='install', merge_install=False, symlink_install=False, test_result_base=None, continue_on_error=False, executor='parallel', parallel_workers=12, event_handlers=None, ignore_user_meta=False, metas=['./colcon.meta'], base_paths=['.'], packages_ignore=None, packages_ignore_regex=None, paths=None, packages_up_to=None, packages_up_to_regex=None, packages_above=None, packages_above_and_dependencies=None, packages_above_depth=None, packages_select_by_dep=None, packages_skip_by_dep=None, packages_skip_up_to=None, packages_select_build_failed=False, packages_skip_build_finished=False, packages_select_test_failures=False, packages_skip_test_passed=False, packages_select=None, packages_skip=None, packages_select_regex=None, packages_skip_regex=None, packages_start=None, packages_end=None, cmake_args=None, cmake_target=None, cmake_target_skip_unavailable=False, cmake_clean_cache=False, cmake_clean_first=False, cmake_force_configure=False, ament_cmake_args=None, catkin_cmake_args=None, catkin_skip_building_tests=False, mixin_files=None, mixin=None, verb_parser=<colcon_mixin.mixin.mixin_argument.MixinArgumentDecorator object at 0x7f293759ae30>, verb_extension=<colcon_core.verb.build.BuildVerb object at 0x7f293771bd30>, main=<bound method BuildVerb.main of <colcon_core.verb.build.BuildVerb object at 0x7f293771bd30>>, mixin_verb=('build',))
[0.714s] Level 1:colcon.colcon_core.package_discovery:discover_packages(colcon_meta) check parameters
[0.716s] Level 1:colcon.colcon_core.package_discovery:discover_packages(recursive) check parameters
[0.717s] Level 1:colcon.colcon_core.package_discovery:discover_packages(ignore) check parameters
[0.718s] Level 1:colcon.colcon_core.package_discovery:discover_packages(path) check parameters
[0.718s] Level 1:colcon.colcon_core.package_discovery:discover_packages(colcon_meta) discover
[0.719s] Level 1:colcon.colcon_core.package_discovery:discover_packages(recursive) discover
[0.720s] INFO:colcon.colcon_core.package_discovery:Crawling recursively for packages in '/TestBotTeaching/drivetrain'
[0.726s] Level 1:colcon.colcon_core.package_identification:_identify(.) by extensions ['ignore', 'ignore_ament_install']
[0.727s] Level 1:colcon.colcon_core.package_identification:_identify(.) by extension 'ignore'
[0.728s] Level 1:colcon.colcon_core.package_identification:_identify(.) by extension 'ignore_ament_install'
[0.731s] Level 1:colcon.colcon_core.package_identification:_identify(.) by extensions ['colcon_pkg']
[0.731s] Level 1:colcon.colcon_core.package_identification:_identify(.) by extension 'colcon_pkg'
[0.733s] Level 1:colcon.colcon_core.package_identification:_identify(.) by extensions ['colcon_meta']
[0.734s] Level 1:colcon.colcon_core.package_identification:_identify(.) by extension 'colcon_meta'
[0.734s] Level 1:colcon.colcon_core.package_identification:_identify(.) by extensions ['ros']
[0.735s] Level 1:colcon.colcon_core.package_identification:_identify(.) by extension 'ros'
[0.783s] DEBUG:colcon.colcon_core.package_identification:Package '.' with type 'ros.ament_cmake' and name 'drivetrain'
[0.785s] Level 1:colcon.colcon_core.package_discovery:discover_packages(recursive) using defaults
[0.786s] Level 1:colcon.colcon_core.package_discovery:discover_packages(ignore) discover
[0.787s] Level 1:colcon.colcon_core.package_discovery:discover_packages(ignore) using defaults
[0.787s] Level 1:colcon.colcon_core.package_discovery:discover_packages(path) discover
[0.789s] Level 1:colcon.colcon_core.package_discovery:discover_packages(path) using defaults
[0.855s] Level 5:colcon.colcon_core.verb:set package 'drivetrain' build argument 'cmake_args' from command line to 'None'
[0.856s] Level 5:colcon.colcon_core.verb:set package 'drivetrain' build argument 'cmake_target' from command line to 'None'
[0.857s] Level 5:colcon.colcon_core.verb:set package 'drivetrain' build argument 'cmake_target_skip_unavailable' from command line to 'False'
[0.858s] Level 5:colcon.colcon_core.verb:set package 'drivetrain' build argument 'cmake_clean_cache' from command line to 'False'
[0.859s] Level 5:colcon.colcon_core.verb:set package 'drivetrain' build argument 'cmake_clean_first' from command line to 'False'
[0.860s] Level 5:colcon.colcon_core.verb:set package 'drivetrain' build argument 'cmake_force_configure' from command line to 'False'
[0.860s] Level 5:colcon.colcon_core.verb:set package 'drivetrain' build argument 'ament_cmake_args' from command line to 'None'
[0.861s] Level 5:colcon.colcon_core.verb:set package 'drivetrain' build argument 'catkin_cmake_args' from command line to 'None'
[0.860s] Level 5:colcon.colcon_core.verb:set package 'drivetrain' build argument 'catkin_skip_building_tests' from command line to 'False'
[0.860s] DEBUG:colcon.colcon_core.verb:Building package 'drivetrain' with the following arguments: {'ament_cmake_args': None, 'build_base': '/TestBotTeaching/drivetrain/build/drivetrain', 'catkin_cmake_args': None, 'catkin_skip_building_tests': False, 'cmake_args': None, 'cmake_clean_cache': False, 'cmake_clean_first': False, 'cmake_force_configure': False, 'cmake_target': None, 'cmake_target_skip_unavailable': False, 'install_base': '/TestBotTeaching/drivetrain/install/drivetrain', 'merge_install': False, 'path': '/TestBotTeaching/drivetrain', 'symlink_install': False, 'test_result_base': None}
[0.861s] INFO:colcon.colcon_core.executor:Executing jobs using 'parallel' executor
[0.864s] DEBUG:colcon.colcon_parallel_executor.executor.parallel:run_until_complete
[0.865s] INFO:colcon.colcon_ros.task.ament_cmake.build:Building ROS package in '/TestBotTeaching/drivetrain' with build type 'ament_cmake'
[0.866s] INFO:colcon.colcon_cmake.task.cmake.build:Building CMake package in '/TestBotTeaching/drivetrain'
[0.874s] INFO:colcon.colcon_core.plugin_system:Skipping extension 'colcon_core.shell.bat': Not used on non-Windows systems
[0.876s] INFO:colcon.colcon_core.shell:Skip shell extension 'powershell' for command environment: Not usable outside of PowerShell
[0.877s] DEBUG:colcon.colcon_core.shell:Skip shell extension 'dsv' for command environment
[1.164s] DEBUG:colcon.colcon_core.event_handler.log_command:Invoking command in '/TestBotTeaching/drivetrain/build/drivetrain': CMAKE_PREFIX_PATH=/opt/ros/humble /usr/bin/cmake --build /TestBotTeaching/drivetrain/build/drivetrain -- -j12 -l12
[37.261s] DEBUG:colcon.colcon_core.event_handler.log_command:Invoked command in '/TestBotTeaching/drivetrain/build/drivetrain' returned '0': CMAKE_PREFIX_PATH=/opt/ros/humble /usr/bin/cmake --build /TestBotTeaching/drivetrain/build/drivetrain -- -j12 -l12
[37.367s] DEBUG:colcon.colcon_core.event_handler.log_command:Invoking command in '/TestBotTeaching/drivetrain/build/drivetrain': CMAKE_PREFIX_PATH=/opt/ros/humble /usr/bin/cmake --install /TestBotTeaching/drivetrain/build/drivetrain
[44.768s] Level 1:colcon.colcon_core.environment:create_environment_scripts_only(drivetrain)
[44.773s] DEBUG:colcon.colcon_core.event_handler.log_command:Invoked command in '/TestBotTeaching/drivetrain/build/drivetrain' returned '0': CMAKE_PREFIX_PATH=/opt/ros/humble /usr/bin/cmake --install /TestBotTeaching/drivetrain/build/drivetrain
[44.780s] Level 1:colcon.colcon_core.environment:checking '/TestBotTeaching/drivetrain/install/drivetrain' for CMake module files
[45.223s] Level 1:colcon.colcon_core.environment:checking '/TestBotTeaching/drivetrain/install/drivetrain' for CMake config files
[45.490s] Level 1:colcon.colcon_core.shell:create_environment_hook('drivetrain', 'cmake_prefix_path')
[45.491s] INFO:colcon.colcon_core.shell:Creating environment hook '/TestBotTeaching/drivetrain/install/drivetrain/share/drivetrain/hook/cmake_prefix_path.ps1'
[45.535s] INFO:colcon.colcon_core.shell:Creating environment descriptor '/TestBotTeaching/drivetrain/install/drivetrain/share/drivetrain/hook/cmake_prefix_path.dsv'
[45.585s] INFO:colcon.colcon_core.shell:Creating environment hook '/TestBotTeaching/drivetrain/install/drivetrain/share/drivetrain/hook/cmake_prefix_path.sh'
[45.663s] Level 1:colcon.colcon_core.environment:checking '/TestBotTeaching/drivetrain/install/drivetrain/lib'
[45.676s] Level 1:colcon.colcon_core.environment:checking '/TestBotTeaching/drivetrain/install/drivetrain/bin'
[45.682s] Level 1:colcon.colcon_core.environment:checking '/TestBotTeaching/drivetrain/install/drivetrain/lib/pkgconfig/drivetrain.pc'
[45.691s] Level 1:colcon.colcon_core.environment:checking '/TestBotTeaching/drivetrain/install/drivetrain/lib/python3.10/site-packages'
[45.700s] Level 1:colcon.colcon_core.environment:checking '/TestBotTeaching/drivetrain/install/drivetrain/bin'
[45.708s] INFO:colcon.colcon_core.shell:Creating package script '/TestBotTeaching/drivetrain/install/drivetrain/share/drivetrain/package.ps1'
[45.770s] INFO:colcon.colcon_core.shell:Creating package descriptor '/TestBotTeaching/drivetrain/install/drivetrain/share/drivetrain/package.dsv'
[45.841s] INFO:colcon.colcon_core.shell:Creating package script '/TestBotTeaching/drivetrain/install/drivetrain/share/drivetrain/package.sh'
[45.928s] INFO:colcon.colcon_core.shell:Creating package script '/TestBotTeaching/drivetrain/install/drivetrain/share/drivetrain/package.bash'
[46.031s] INFO:colcon.colcon_core.shell:Creating package script '/TestBotTeaching/drivetrain/install/drivetrain/share/drivetrain/package.zsh'
[46.108s] Level 1:colcon.colcon_core.environment:create_file_with_runtime_dependencies(/TestBotTeaching/drivetrain/install/drivetrain/share/colcon-core/packages/drivetrain)
[46.290s] Level 1:colcon.colcon_core.environment:create_environment_scripts_only(drivetrain)
[46.292s] Level 1:colcon.colcon_core.environment:checking '/TestBotTeaching/drivetrain/install/drivetrain' for CMake module files
[46.757s] Level 1:colcon.colcon_core.environment:checking '/TestBotTeaching/drivetrain/install/drivetrain' for CMake config files
[47.081s] Level 1:colcon.colcon_core.shell:create_environment_hook('drivetrain', 'cmake_prefix_path')
[47.083s] INFO:colcon.colcon_core.shell:Creating environment hook '/TestBotTeaching/drivetrain/install/drivetrain/share/drivetrain/hook/cmake_prefix_path.ps1'
[47.164s] INFO:colcon.colcon_core.shell:Creating environment descriptor '/TestBotTeaching/drivetrain/install/drivetrain/share/drivetrain/hook/cmake_prefix_path.dsv'
[47.242s] INFO:colcon.colcon_core.shell:Creating environment hook '/TestBotTeaching/drivetrain/install/drivetrain/share/drivetrain/hook/cmake_prefix_path.sh'
[47.350s] Level 1:colcon.colcon_core.environment:checking '/TestBotTeaching/drivetrain/install/drivetrain/lib'
[47.381s] Level 1:colcon.colcon_core.environment:checking '/TestBotTeaching/drivetrain/install/drivetrain/bin'
[47.390s] Level 1:colcon.colcon_core.environment:checking '/TestBotTeaching/drivetrain/install/drivetrain/lib/pkgconfig/drivetrain.pc'
[47.402s] Level 1:colcon.colcon_core.environment:checking '/TestBotTeaching/drivetrain/install/drivetrain/lib/python3.10/site-packages'
[47.415s] Level 1:colcon.colcon_core.environment:checking '/TestBotTeaching/drivetrain/install/drivetrain/bin'
[47.426s] INFO:colcon.colcon_core.shell:Creating package script '/TestBotTeaching/drivetrain/install/drivetrain/share/drivetrain/package.ps1'
[47.499s] INFO:colcon.colcon_core.shell:Creating package descriptor '/TestBotTeaching/drivetrain/install/drivetrain/share/drivetrain/package.dsv'
[47.582s] INFO:colcon.colcon_core.shell:Creating package script '/TestBotTeaching/drivetrain/install/drivetrain/share/drivetrain/package.sh'
[47.685s] INFO:colcon.colcon_core.shell:Creating package script '/TestBotTeaching/drivetrain/install/drivetrain/share/drivetrain/package.bash'
[47.775s] INFO:colcon.colcon_core.shell:Creating package script '/TestBotTeaching/drivetrain/install/drivetrain/share/drivetrain/package.zsh'
[47.865s] Level 1:colcon.colcon_core.environment:create_file_with_runtime_dependencies(/TestBotTeaching/drivetrain/install/drivetrain/share/colcon-core/packages/drivetrain)
[47.927s] DEBUG:colcon.colcon_parallel_executor.executor.parallel:closing loop
[47.930s] DEBUG:colcon.colcon_parallel_executor.executor.parallel:loop closed
[47.932s] DEBUG:colcon.colcon_parallel_executor.executor.parallel:run_until_complete finished with '0'
[47.933s] DEBUG:colcon.colcon_core.event_reactor:joining thread
[48.006s] INFO:colcon.colcon_core.plugin_system:Skipping extension 'colcon_notification.desktop_notification.notify_send': Could not find 'notify-send'
[48.008s] INFO:colcon.colcon_core.plugin_system:Skipping extension 'colcon_notification.desktop_notification.terminal_notifier': Not used on non-Darwin systems
[48.009s] INFO:colcon.colcon_core.plugin_system:Skipping extension 'colcon_notification.desktop_notification.win32': Not used on non-Windows systems
[48.010s] INFO:colcon.colcon_notification.desktop_notification:Sending desktop notification using 'notify2'
[48.016s] DEBUG:colcon.colcon_notification.desktop_notification.notify2:Failed to initialize notify2: org.freedesktop.DBus.Error.Spawn.ExecFailed: /usr/bin/dbus-launch terminated abnormally without any error message
[48.018s] DEBUG:colcon.colcon_core.event_reactor:joined thread
[48.020s] INFO:colcon.colcon_core.shell:Creating prefix script '/TestBotTeaching/drivetrain/install/local_setup.ps1'
[48.053s] INFO:colcon.colcon_core.shell:Creating prefix util module '/TestBotTeaching/drivetrain/install/_local_setup_util_ps1.py'
[48.084s] INFO:colcon.colcon_core.shell:Creating prefix chain script '/TestBotTeaching/drivetrain/install/setup.ps1'
[48.109s] INFO:colcon.colcon_core.shell:Creating prefix script '/TestBotTeaching/drivetrain/install/local_setup.sh'
[48.127s] INFO:colcon.colcon_core.shell:Creating prefix util module '/TestBotTeaching/drivetrain/install/_local_setup_util_sh.py'
[48.153s] INFO:colcon.colcon_core.shell:Creating prefix chain script '/TestBotTeaching/drivetrain/install/setup.sh'
[48.173s] INFO:colcon.colcon_core.shell:Creating prefix script '/TestBotTeaching/drivetrain/install/local_setup.bash'
[48.198s] INFO:colcon.colcon_core.shell:Creating prefix chain script '/TestBotTeaching/drivetrain/install/setup.bash'
[48.223s] INFO:colcon.colcon_core.shell:Creating prefix script '/TestBotTeaching/drivetrain/install/local_setup.zsh'
[48.245s] INFO:colcon.colcon_core.shell:Creating prefix chain script '/TestBotTeaching/drivetrain/install/setup.zsh'
