[0.291s] Invoking command in '/TestBotTeaching/drivetrain/build/drivetrain': CMAKE_PREFIX_PATH=/opt/ros/humble /usr/bin/cmake /TestBotTeaching/drivetrain -DCMAKE_INSTALL_PREFIX=/TestBotTeaching/drivetrain/install/drivetrain
[1.373s] -- The C compiler identification is GNU 11.4.0
[2.571s] -- The CXX compiler identification is GNU 11.4.0
[2.827s] -- Detecting C compiler ABI info
[5.589s] -- Detecting C compiler ABI info - done
[5.731s] -- Check for working C compiler: /usr/bin/cc - skipped
[5.738s] -- Detecting C compile features
[5.741s] -- Detecting C compile features - done
[6.025s] -- Detecting CXX compiler ABI info
[8.604s] -- Detecting CXX compiler ABI info - done
[8.706s] -- Check for working CXX compiler: /usr/bin/c++ - skipped
[8.710s] -- Detecting CXX compile features
[8.714s] -- Detecting CXX compile features - done
[8.965s] -- Found ament_cmake: 1.3.11 (/opt/ros/humble/share/ament_cmake/cmake)
[9.350s] -- Found Python3: /usr/bin/python3 (found version "3.10.12") found components: Interpreter 
[9.980s] -- Found rclcpp: 16.0.11 (/opt/ros/humble/share/rclcpp/cmake)
[10.055s] -- Found rosidl_generator_c: 3.1.6 (/opt/ros/humble/share/rosidl_generator_c/cmake)
[10.070s] -- Found rosidl_adapter: 3.1.6 (/opt/ros/humble/share/rosidl_adapter/cmake)
[10.088s] -- Found rosidl_generator_cpp: 3.1.6 (/opt/ros/humble/share/rosidl_generator_cpp/cmake)
[10.123s] -- Using all available rosidl_typesupport_c: rosidl_typesupport_fastrtps_c;rosidl_typesupport_introspection_c
[10.161s] -- Using all available rosidl_typesupport_cpp: rosidl_typesupport_fastrtps_cpp;rosidl_typesupport_introspection_cpp
[10.256s] -- Found rmw_implementation_cmake: 6.1.2 (/opt/ros/humble/share/rmw_implementation_cmake/cmake)
[10.264s] -- Found rmw_fastrtps_cpp: 6.2.7 (/opt/ros/humble/share/rmw_fastrtps_cpp/cmake)
[10.447s] -- Found OpenSSL: /usr/lib/x86_64-linux-gnu/libcrypto.so (found version "3.0.2")  
[10.550s] -- Found FastRTPS: /opt/ros/humble/include  
[10.680s] -- Using RMW implementation 'rmw_fastrtps_cpp' as default
[10.923s] -- Looking for pthread.h
[13.434s] -- Looking for pthread.h - found
[13.504s] -- Performing Test CMAKE_HAVE_LIBC_PTHREAD
[15.926s] -- Performing Test CMAKE_HAVE_LIBC_PTHREAD - Success
[15.956s] -- Found Threads: TRUE  
[16.067s] -- Found sensor_msgs: 4.2.4 (/opt/ros/humble/share/sensor_msgs/cmake)
[16.137s] -- Found ament_lint_auto: 0.12.11 (/opt/ros/humble/share/ament_lint_auto/cmake)
[28.073s] -- Added test 'cppcheck' to perform static code analysis on C / C++ code
[28.079s] -- Configured cppcheck include dirs: 
[28.085s] -- Configured cppcheck exclude dirs and/or files: 
[32.198s] -- Added test 'lint_cmake' to check CMake code style
[44.367s] -- Added test 'uncrustify' to check C / C++ code style
[44.370s] -- Configured uncrustify additional arguments: 
[45.859s] -- Added test 'xmllint' to check XML markup files
[46.441s] -- Configuring done
[46.695s] [31mCMake Error at CMakeLists.txt:16 (add_executable):
[46.698s]   Cannot find source file:
[46.702s] 
[46.705s]     /src/drivesub.cpp
[46.708s] 
[46.711s]   Tried extensions .c .C .c++ .cc .cpp .cxx .cu .mpp .m .M .mm .ixx .cppm .h
[46.714s]   .hh .h++ .hm .hpp .hxx .in .txx .f .F .for .f77 .f90 .f95 .f03 .hip .ispc
[46.718s] 
[46.721s] [0m
[46.725s] [31mCMake Error at CMakeLists.txt:16 (add_executable):
[46.731s]   No SOURCES given to target: drivetrainNode
[46.735s] 
[46.739s] [0m
[46.742s] [0mCMake Generate step failed.  Build files cannot be regenerated correctly.[0m
[46.746s] Invoked command in '/TestBotTeaching/drivetrain/build/drivetrain' returned '1': CMAKE_PREFIX_PATH=/opt/ros/humble /usr/bin/cmake /TestBotTeaching/drivetrain -DCMAKE_INSTALL_PREFIX=/TestBotTeaching/drivetrain/install/drivetrain
