[35m[1mConsolidate compiler generated dependencies of target drivetrainNode[0m
[ 50%] [32mBuilding CXX object CMakeFiles/drivetrainNode.dir/src/drivesub.cpp.o[0m
In file included from [01m[K/opt/ros/humble/include/rclcpp/rclcpp/logging.hpp:24[m[K,
                 from [01m[K/opt/ros/humble/include/rclcpp/rclcpp/client.hpp:40[m[K,
                 from [01m[K/opt/ros/humble/include/rclcpp/rclcpp/callback_group.hpp:24[m[K,
                 from [01m[K/opt/ros/humble/include/rclcpp/rclcpp/any_executable.hpp:20[m[K,
                 from [01m[K/opt/ros/humble/include/rclcpp/rclcpp/memory_strategy.hpp:25[m[K,
                 from [01m[K/opt/ros/humble/include/rclcpp/rclcpp/memory_strategies.hpp:18[m[K,
                 from [01m[K/opt/ros/humble/include/rclcpp/rclcpp/executor_options.hpp:20[m[K,
                 from [01m[K/opt/ros/humble/include/rclcpp/rclcpp/executor.hpp:37[m[K,
                 from [01m[K/opt/ros/humble/include/rclcpp/rclcpp/executors/multi_threaded_executor.hpp:25[m[K,
                 from [01m[K/opt/ros/humble/include/rclcpp/rclcpp/executors.hpp:21[m[K,
                 from [01m[K/opt/ros/humble/include/rclcpp/rclcpp/rclcpp.hpp:155[m[K,
                 from [01m[K/TestBotTeaching/drivetrain/src/drivesub.cpp:5[m[K:
[01m[K/TestBotTeaching/drivetrain/src/drivesub.cpp:[m[K In member function ‘[01m[Kvoid DriveSub::joy_callback(sensor_msgs::msg::Joy_<std::allocator<void> >::SharedPtr)[m[K’:
[01m[K/TestBotTeaching/drivetrain/src/drivesub.cpp:69:36:[m[K [01;35m[Kwarning: [m[Kformat ‘[01m[K%f[m[K’ expects argument of type ‘[01m[Kdouble[m[K’, but argument 5 has type ‘[01m[Kstd_msgs::msg::Float32_<std::allocator<void> >[m[K’ [[01;35m[K]8;;https://gcc.gnu.org/onlinedocs/gcc/Warning-Options.html#index-Wformat=-Wformat=]8;;[m[K]
   69 |    RCLCPP_INFO(this->get_logger(), [01;35m[K"Publishing left speed: %f\n"[m[K, [32m[Kleft_speed[m[K);
      |                                    [01;35m[K^~~~~~~~~~~~~~~~~~~~~~~~~~~~~[m[K  [32m[K~~~~~~~~~~[m[K
      |                                                                   [32m[K|[m[K
      |                                                                   [32m[Kstd_msgs::msg::Float32_<std::allocator<void> >[m[K
[01m[K/TestBotTeaching/drivetrain/src/drivesub.cpp:69:61:[m[K [01;36m[Knote: [m[Kformat string is defined here
   69 | ->get_logger(), "Publishing left speed: [01;36m[K%f[m[K\n", left_speed);
      |                                         [01;36m[K~^[m[K
      |                                          [01;36m[K|[m[K
      |                                          [01;36m[Kdouble[m[K

In file included from [01m[K/opt/ros/humble/include/rclcpp/rclcpp/logging.hpp:24[m[K,
                 from [01m[K/opt/ros/humble/include/rclcpp/rclcpp/client.hpp:40[m[K,
                 from [01m[K/opt/ros/humble/include/rclcpp/rclcpp/callback_group.hpp:24[m[K,
                 from [01m[K/opt/ros/humble/include/rclcpp/rclcpp/any_executable.hpp:20[m[K,
                 from [01m[K/opt/ros/humble/include/rclcpp/rclcpp/memory_strategy.hpp:25[m[K,
                 from [01m[K/opt/ros/humble/include/rclcpp/rclcpp/memory_strategies.hpp:18[m[K,
                 from [01m[K/opt/ros/humble/include/rclcpp/rclcpp/executor_options.hpp:20[m[K,
                 from [01m[K/opt/ros/humble/include/rclcpp/rclcpp/executor.hpp:37[m[K,
                 from [01m[K/opt/ros/humble/include/rclcpp/rclcpp/executors/multi_threaded_executor.hpp:25[m[K,
                 from [01m[K/opt/ros/humble/include/rclcpp/rclcpp/executors.hpp:21[m[K,
                 from [01m[K/opt/ros/humble/include/rclcpp/rclcpp/rclcpp.hpp:155[m[K,
                 from [01m[K/TestBotTeaching/drivetrain/src/drivesub.cpp:5[m[K:
[01m[K/TestBotTeaching/drivetrain/src/drivesub.cpp:70:36:[m[K [01;35m[Kwarning: [m[Kformat ‘[01m[K%f[m[K’ expects argument of type ‘[01m[Kdouble[m[K’, but argument 5 has type ‘[01m[Kstd_msgs::msg::Float32_<std::allocator<void> >[m[K’ [[01;35m[K]8;;https://gcc.gnu.org/onlinedocs/gcc/Warning-Options.html#index-Wformat=-Wformat=]8;;[m[K]
   70 |    RCLCPP_INFO(this->get_logger(), [01;35m[K"Publishing right speed: %f\n"[m[K, [32m[Kright_speed[m[K);
      |                                    [01;35m[K^~~~~~~~~~~~~~~~~~~~~~~~~~~~~~[m[K  [32m[K~~~~~~~~~~~[m[K
      |                                                                    [32m[K|[m[K
      |                                                                    [32m[Kstd_msgs::msg::Float32_<std::allocator<void> >[m[K
[01m[K/TestBotTeaching/drivetrain/src/drivesub.cpp:70:62:[m[K [01;36m[Knote: [m[Kformat string is defined here
   70 | >get_logger(), "Publishing right speed: [01;36m[K%f[m[K\n", right_speed);
      |                                         [01;36m[K~^[m[K
      |                                          [01;36m[K|[m[K
      |                                          [01;36m[Kdouble[m[K

[01m[K/TestBotTeaching/drivetrain/src/drivesub.cpp:74:3:[m[K [01;31m[Kerror: [m[K‘[01m[Kpublisher_left[m[K’ was not declared in this scope
   74 |   [01;31m[Kpublisher_left[m[K->publish(left_speed);
      |   [01;31m[K^~~~~~~~~~~~~~[m[K
[01m[K/TestBotTeaching/drivetrain/src/drivesub.cpp:75:3:[m[K [01;31m[Kerror: [m[K‘[01m[Kpublisher_right[m[K’ was not declared in this scope
   75 |   [01;31m[Kpublisher_right[m[K->publish(right_speed);
      |   [01;31m[K^~~~~~~~~~~~~~~[m[K
gmake[2]: *** [CMakeFiles/drivetrainNode.dir/build.make:76: CMakeFiles/drivetrainNode.dir/src/drivesub.cpp.o] Error 1
gmake[1]: *** [CMakeFiles/Makefile2:137: CMakeFiles/drivetrainNode.dir/all] Error 2
gmake: *** [Makefile:146: all] Error 2
