[0.332s] Invoking command in '/TestBotTeaching/drivetrain/build/drivetrain': CMAKE_PREFIX_PATH=/opt/ros/humble /usr/bin/cmake --build /TestBotTeaching/drivetrain/build/drivetrain -- -j12 -l12
[1.060s] [35m[1mConsolidate compiler generated dependencies of target drivetrainNode[0m
[3.029s] [ 50%] [32mBuilding CXX object CMakeFiles/drivetrainNode.dir/src/drivesub.cpp.o[0m
[8.315s] In file included from [01m[K/opt/ros/humble/include/rclcpp/rclcpp/logging.hpp:24[m[K,
[8.320s]                  from [01m[K/opt/ros/humble/include/rclcpp/rclcpp/client.hpp:40[m[K,
[8.325s]                  from [01m[K/opt/ros/humble/include/rclcpp/rclcpp/callback_group.hpp:24[m[K,
[8.332s]                  from [01m[K/opt/ros/humble/include/rclcpp/rclcpp/any_executable.hpp:20[m[K,
[8.336s]                  from [01m[K/opt/ros/humble/include/rclcpp/rclcpp/memory_strategy.hpp:25[m[K,
[8.342s]                  from [01m[K/opt/ros/humble/include/rclcpp/rclcpp/memory_strategies.hpp:18[m[K,
[8.348s]                  from [01m[K/opt/ros/humble/include/rclcpp/rclcpp/executor_options.hpp:20[m[K,
[8.353s]                  from [01m[K/opt/ros/humble/include/rclcpp/rclcpp/executor.hpp:37[m[K,
[8.356s]                  from [01m[K/opt/ros/humble/include/rclcpp/rclcpp/executors/multi_threaded_executor.hpp:25[m[K,
[8.360s]                  from [01m[K/opt/ros/humble/include/rclcpp/rclcpp/executors.hpp:21[m[K,
[8.364s]                  from [01m[K/opt/ros/humble/include/rclcpp/rclcpp/rclcpp.hpp:155[m[K,
[8.368s]                  from [01m[K/TestBotTeaching/drivetrain/src/drivesub.cpp:5[m[K:
[8.372s] [01m[K/TestBotTeaching/drivetrain/src/drivesub.cpp:[m[K In member function ‘[01m[Kvoid DriveSub::joy_callback(sensor_msgs::msg::Joy_<std::allocator<void> >::SharedPtr)[m[K’:
[8.376s] [01m[K/TestBotTeaching/drivetrain/src/drivesub.cpp:69:36:[m[K [01;35m[Kwarning: [m[Kformat ‘[01m[K%f[m[K’ expects argument of type ‘[01m[Kdouble[m[K’, but argument 5 has type ‘[01m[Kstd_msgs::msg::Float32_<std::allocator<void> >[m[K’ [[01;35m[K]8;;https://gcc.gnu.org/onlinedocs/gcc/Warning-Options.html#index-Wformat=-Wformat=]8;;[m[K]
[8.379s]    69 |    RCLCPP_INFO(this->get_logger(), [01;35m[K"Publishing left speed: %f\n"[m[K, [32m[Kleft_speed[m[K);
[8.382s]       |                                    [01;35m[K^~~~~~~~~~~~~~~~~~~~~~~~~~~~~[m[K  [32m[K~~~~~~~~~~[m[K
[8.386s]       |                                                                   [32m[K|[m[K
[8.389s]       |                                                                   [32m[Kstd_msgs::msg::Float32_<std::allocator<void> >[m[K
[8.392s] [01m[K/TestBotTeaching/drivetrain/src/drivesub.cpp:69:61:[m[K [01;36m[Knote: [m[Kformat string is defined here
[8.396s]    69 | ->get_logger(), "Publishing left speed: [01;36m[K%f[m[K\n", left_speed);
[8.400s]       |                                         [01;36m[K~^[m[K
[8.403s]       |                                          [01;36m[K|[m[K
[8.407s]       |                                          [01;36m[Kdouble[m[K
[8.410s] 
[8.414s] In file included from [01m[K/opt/ros/humble/include/rclcpp/rclcpp/logging.hpp:24[m[K,
[8.418s]                  from [01m[K/opt/ros/humble/include/rclcpp/rclcpp/client.hpp:40[m[K,
[8.421s]                  from [01m[K/opt/ros/humble/include/rclcpp/rclcpp/callback_group.hpp:24[m[K,
[8.424s]                  from [01m[K/opt/ros/humble/include/rclcpp/rclcpp/any_executable.hpp:20[m[K,
[8.428s]                  from [01m[K/opt/ros/humble/include/rclcpp/rclcpp/memory_strategy.hpp:25[m[K,
[8.431s]                  from [01m[K/opt/ros/humble/include/rclcpp/rclcpp/memory_strategies.hpp:18[m[K,
[8.434s]                  from [01m[K/opt/ros/humble/include/rclcpp/rclcpp/executor_options.hpp:20[m[K,
[8.438s]                  from [01m[K/opt/ros/humble/include/rclcpp/rclcpp/executor.hpp:37[m[K,
[8.441s]                  from [01m[K/opt/ros/humble/include/rclcpp/rclcpp/executors/multi_threaded_executor.hpp:25[m[K,
[8.446s]                  from [01m[K/opt/ros/humble/include/rclcpp/rclcpp/executors.hpp:21[m[K,
[8.450s]                  from [01m[K/opt/ros/humble/include/rclcpp/rclcpp/rclcpp.hpp:155[m[K,
[8.453s]                  from [01m[K/TestBotTeaching/drivetrain/src/drivesub.cpp:5[m[K:
[8.457s] [01m[K/TestBotTeaching/drivetrain/src/drivesub.cpp:70:36:[m[K [01;35m[Kwarning: [m[Kformat ‘[01m[K%f[m[K’ expects argument of type ‘[01m[Kdouble[m[K’, but argument 5 has type ‘[01m[Kstd_msgs::msg::Float32_<std::allocator<void> >[m[K’ [[01;35m[K]8;;https://gcc.gnu.org/onlinedocs/gcc/Warning-Options.html#index-Wformat=-Wformat=]8;;[m[K]
[8.462s]    70 |    RCLCPP_INFO(this->get_logger(), [01;35m[K"Publishing right speed: %f\n"[m[K, [32m[Kright_speed[m[K);
[8.466s]       |                                    [01;35m[K^~~~~~~~~~~~~~~~~~~~~~~~~~~~~~[m[K  [32m[K~~~~~~~~~~~[m[K
[8.469s]       |                                                                    [32m[K|[m[K
[8.473s]       |                                                                    [32m[Kstd_msgs::msg::Float32_<std::allocator<void> >[m[K
[8.476s] [01m[K/TestBotTeaching/drivetrain/src/drivesub.cpp:70:62:[m[K [01;36m[Knote: [m[Kformat string is defined here
[8.480s]    70 | >get_logger(), "Publishing right speed: [01;36m[K%f[m[K\n", right_speed);
[8.483s]       |                                         [01;36m[K~^[m[K
[8.487s]       |                                          [01;36m[K|[m[K
[8.490s]       |                                          [01;36m[Kdouble[m[K
[8.493s] 
[8.497s] [01m[K/TestBotTeaching/drivetrain/src/drivesub.cpp:74:3:[m[K [01;31m[Kerror: [m[K‘[01m[Kpublisher_left[m[K’ was not declared in this scope
[8.500s]    74 |   [01;31m[Kpublisher_left[m[K->publish(left_speed);
[8.502s]       |   [01;31m[K^~~~~~~~~~~~~~[m[K
[8.505s] [01m[K/TestBotTeaching/drivetrain/src/drivesub.cpp:75:3:[m[K [01;31m[Kerror: [m[K‘[01m[Kpublisher_right[m[K’ was not declared in this scope
[8.507s]    75 |   [01;31m[Kpublisher_right[m[K->publish(right_speed);
[8.510s]       |   [01;31m[K^~~~~~~~~~~~~~~[m[K
[14.156s] gmake[2]: *** [CMakeFiles/drivetrainNode.dir/build.make:76: CMakeFiles/drivetrainNode.dir/src/drivesub.cpp.o] Error 1
[14.162s] gmake[1]: *** [CMakeFiles/Makefile2:137: CMakeFiles/drivetrainNode.dir/all] Error 2
[14.165s] gmake: *** [Makefile:146: all] Error 2
[14.170s] Invoked command in '/TestBotTeaching/drivetrain/build/drivetrain' returned '2': CMAKE_PREFIX_PATH=/opt/ros/humble /usr/bin/cmake --build /TestBotTeaching/drivetrain/build/drivetrain -- -j12 -l12
