[0.222s] DEBUG:colcon:Command line arguments: ['/usr/bin/colcon', 'build']
[0.223s] DEBUG:colcon:Parsed command line arguments: Namespace(log_base=None, log_level=None, verb_name='build', build_base='build', install_base='install', merge_install=False, symlink_install=False, test_result_base=None, continue_on_error=False, executor='parallel', parallel_workers=12, event_handlers=None, ignore_user_meta=False, metas=['./colcon.meta'], base_paths=['.'], packages_ignore=None, packages_ignore_regex=None, paths=None, packages_up_to=None, packages_up_to_regex=None, packages_above=None, packages_above_and_dependencies=None, packages_above_depth=None, packages_select_by_dep=None, packages_skip_by_dep=None, packages_skip_up_to=None, packages_select_build_failed=False, packages_skip_build_finished=False, packages_select_test_failures=False, packages_skip_test_passed=False, packages_select=None, packages_skip=None, packages_select_regex=None, packages_skip_regex=None, packages_start=None, packages_end=None, cmake_args=None, cmake_target=None, cmake_target_skip_unavailable=False, cmake_clean_cache=False, cmake_clean_first=False, cmake_force_configure=False, ament_cmake_args=None, catkin_cmake_args=None, catkin_skip_building_tests=False, mixin_files=None, mixin=None, verb_parser=<colcon_mixin.mixin.mixin_argument.MixinArgumentDecorator object at 0x7fa004c36e30>, verb_extension=<colcon_core.verb.build.BuildVerb object at 0x7fa004db7d30>, main=<bound method BuildVerb.main of <colcon_core.verb.build.BuildVerb object at 0x7fa004db7d30>>, mixin_verb=('build',))
[0.533s] Level 1:colcon.colcon_core.package_discovery:discover_packages(colcon_meta) check parameters
[0.535s] Level 1:colcon.colcon_core.package_discovery:discover_packages(recursive) check parameters
[0.535s] Level 1:colcon.colcon_core.package_discovery:discover_packages(ignore) check parameters
[0.536s] Level 1:colcon.colcon_core.package_discovery:discover_packages(path) check parameters
[0.537s] Level 1:colcon.colcon_core.package_discovery:discover_packages(colcon_meta) discover
[0.537s] Level 1:colcon.colcon_core.package_discovery:discover_packages(recursive) discover
[0.538s] INFO:colcon.colcon_core.package_discovery:Crawling recursively for packages in '/TestBotTeaching/drivetrain'
[0.544s] Level 1:colcon.colcon_core.package_identification:_identify(.) by extensions ['ignore', 'ignore_ament_install']
[0.545s] Level 1:colcon.colcon_core.package_identification:_identify(.) by extension 'ignore'
[0.546s] Level 1:colcon.colcon_core.package_identification:_identify(.) by extension 'ignore_ament_install'
[0.549s] Level 1:colcon.colcon_core.package_identification:_identify(.) by extensions ['colcon_pkg']
[0.550s] Level 1:colcon.colcon_core.package_identification:_identify(.) by extension 'colcon_pkg'
[0.551s] Level 1:colcon.colcon_core.package_identification:_identify(.) by extensions ['colcon_meta']
[0.552s] Level 1:colcon.colcon_core.package_identification:_identify(.) by extension 'colcon_meta'
[0.553s] Level 1:colcon.colcon_core.package_identification:_identify(.) by extensions ['ros']
[0.553s] Level 1:colcon.colcon_core.package_identification:_identify(.) by extension 'ros'
[0.612s] DEBUG:colcon.colcon_core.package_identification:Package '.' with type 'ros.ament_cmake' and name 'drivetrain'
[0.613s] Level 1:colcon.colcon_core.package_discovery:discover_packages(recursive) using defaults
[0.615s] Level 1:colcon.colcon_core.package_discovery:discover_packages(ignore) discover
[0.616s] Level 1:colcon.colcon_core.package_discovery:discover_packages(ignore) using defaults
[0.616s] Level 1:colcon.colcon_core.package_discovery:discover_packages(path) discover
[0.617s] Level 1:colcon.colcon_core.package_discovery:discover_packages(path) using defaults
[0.690s] Level 5:colcon.colcon_core.verb:set package 'drivetrain' build argument 'cmake_args' from command line to 'None'
[0.691s] Level 5:colcon.colcon_core.verb:set package 'drivetrain' build argument 'cmake_target' from command line to 'None'
[0.691s] Level 5:colcon.colcon_core.verb:set package 'drivetrain' build argument 'cmake_target_skip_unavailable' from command line to 'False'
[0.693s] Level 5:colcon.colcon_core.verb:set package 'drivetrain' build argument 'cmake_clean_cache' from command line to 'False'
[0.694s] Level 5:colcon.colcon_core.verb:set package 'drivetrain' build argument 'cmake_clean_first' from command line to 'False'
[0.694s] Level 5:colcon.colcon_core.verb:set package 'drivetrain' build argument 'cmake_force_configure' from command line to 'False'
[0.695s] Level 5:colcon.colcon_core.verb:set package 'drivetrain' build argument 'ament_cmake_args' from command line to 'None'
[0.696s] Level 5:colcon.colcon_core.verb:set package 'drivetrain' build argument 'catkin_cmake_args' from command line to 'None'
[0.697s] Level 5:colcon.colcon_core.verb:set package 'drivetrain' build argument 'catkin_skip_building_tests' from command line to 'False'
[0.698s] DEBUG:colcon.colcon_core.verb:Building package 'drivetrain' with the following arguments: {'ament_cmake_args': None, 'build_base': '/TestBotTeaching/drivetrain/build/drivetrain', 'catkin_cmake_args': None, 'catkin_skip_building_tests': False, 'cmake_args': None, 'cmake_clean_cache': False, 'cmake_clean_first': False, 'cmake_force_configure': False, 'cmake_target': None, 'cmake_target_skip_unavailable': False, 'install_base': '/TestBotTeaching/drivetrain/install/drivetrain', 'merge_install': False, 'path': '/TestBotTeaching/drivetrain', 'symlink_install': False, 'test_result_base': None}
[0.699s] INFO:colcon.colcon_core.executor:Executing jobs using 'parallel' executor
[0.703s] DEBUG:colcon.colcon_parallel_executor.executor.parallel:run_until_complete
[0.704s] INFO:colcon.colcon_ros.task.ament_cmake.build:Building ROS package in '/TestBotTeaching/drivetrain' with build type 'ament_cmake'
[0.705s] INFO:colcon.colcon_cmake.task.cmake.build:Building CMake package in '/TestBotTeaching/drivetrain'
[0.712s] INFO:colcon.colcon_core.plugin_system:Skipping extension 'colcon_core.shell.bat': Not used on non-Windows systems
[0.713s] INFO:colcon.colcon_core.shell:Skip shell extension 'powershell' for command environment: Not usable outside of PowerShell
[0.714s] DEBUG:colcon.colcon_core.shell:Skip shell extension 'dsv' for command environment
[1.003s] DEBUG:colcon.colcon_core.event_handler.log_command:Invoking command in '/TestBotTeaching/drivetrain/build/drivetrain': CMAKE_PREFIX_PATH=/opt/ros/humble /usr/bin/cmake /TestBotTeaching/drivetrain -DCMAKE_INSTALL_PREFIX=/TestBotTeaching/drivetrain/install/drivetrain
[47.451s] DEBUG:colcon.colcon_core.event_handler.log_command:Invoked command in '/TestBotTeaching/drivetrain/build/drivetrain' returned '1': CMAKE_PREFIX_PATH=/opt/ros/humble /usr/bin/cmake /TestBotTeaching/drivetrain -DCMAKE_INSTALL_PREFIX=/TestBotTeaching/drivetrain/install/drivetrain
[47.534s] Level 1:colcon.colcon_core.environment:create_environment_scripts_only(drivetrain)
[47.538s] Level 1:colcon.colcon_core.environment:checking '/TestBotTeaching/drivetrain/install/drivetrain' for CMake module files
[47.604s] Level 1:colcon.colcon_core.environment:checking '/TestBotTeaching/drivetrain/install/drivetrain' for CMake config files
[47.614s] Level 1:colcon.colcon_core.environment:checking '/TestBotTeaching/drivetrain/install/drivetrain/bin'
[47.618s] Level 1:colcon.colcon_core.environment:checking '/TestBotTeaching/drivetrain/install/drivetrain/lib/pkgconfig/drivetrain.pc'
[47.631s] Level 1:colcon.colcon_core.environment:checking '/TestBotTeaching/drivetrain/install/drivetrain/lib/python3.10/site-packages'
[47.637s] Level 1:colcon.colcon_core.environment:checking '/TestBotTeaching/drivetrain/install/drivetrain/bin'
[47.643s] INFO:colcon.colcon_core.shell:Creating package script '/TestBotTeaching/drivetrain/install/drivetrain/share/drivetrain/package.ps1'
[47.719s] INFO:colcon.colcon_core.shell:Creating package descriptor '/TestBotTeaching/drivetrain/install/drivetrain/share/drivetrain/package.dsv'
[47.773s] INFO:colcon.colcon_core.shell:Creating package script '/TestBotTeaching/drivetrain/install/drivetrain/share/drivetrain/package.sh'
[47.832s] INFO:colcon.colcon_core.shell:Creating package script '/TestBotTeaching/drivetrain/install/drivetrain/share/drivetrain/package.bash'
[47.898s] INFO:colcon.colcon_core.shell:Creating package script '/TestBotTeaching/drivetrain/install/drivetrain/share/drivetrain/package.zsh'
[47.976s] Level 1:colcon.colcon_core.environment:create_file_with_runtime_dependencies(/TestBotTeaching/drivetrain/install/drivetrain/share/colcon-core/packages/drivetrain)
[48.080s] DEBUG:colcon.colcon_parallel_executor.executor.parallel:closing loop
[48.084s] DEBUG:colcon.colcon_parallel_executor.executor.parallel:loop closed
[48.087s] DEBUG:colcon.colcon_parallel_executor.executor.parallel:run_until_complete finished with '1'
[48.090s] DEBUG:colcon.colcon_core.event_reactor:joining thread
[48.141s] INFO:colcon.colcon_core.plugin_system:Skipping extension 'colcon_notification.desktop_notification.notify_send': Could not find 'notify-send'
[48.143s] INFO:colcon.colcon_core.plugin_system:Skipping extension 'colcon_notification.desktop_notification.terminal_notifier': Not used on non-Darwin systems
[48.145s] INFO:colcon.colcon_core.plugin_system:Skipping extension 'colcon_notification.desktop_notification.win32': Not used on non-Windows systems
[48.146s] INFO:colcon.colcon_notification.desktop_notification:Sending desktop notification using 'notify2'
[48.154s] DEBUG:colcon.colcon_notification.desktop_notification.notify2:Failed to initialize notify2: org.freedesktop.DBus.Error.Spawn.ExecFailed: /usr/bin/dbus-launch terminated abnormally without any error message
[48.155s] DEBUG:colcon.colcon_core.event_reactor:joined thread
[48.156s] INFO:colcon.colcon_core.shell:Creating prefix script '/TestBotTeaching/drivetrain/install/local_setup.ps1'
[48.181s] INFO:colcon.colcon_core.shell:Creating prefix util module '/TestBotTeaching/drivetrain/install/_local_setup_util_ps1.py'
[48.208s] INFO:colcon.colcon_core.shell:Creating prefix chain script '/TestBotTeaching/drivetrain/install/setup.ps1'
[48.244s] INFO:colcon.colcon_core.shell:Creating prefix script '/TestBotTeaching/drivetrain/install/local_setup.sh'
[48.281s] INFO:colcon.colcon_core.shell:Creating prefix util module '/TestBotTeaching/drivetrain/install/_local_setup_util_sh.py'
[48.316s] INFO:colcon.colcon_core.shell:Creating prefix chain script '/TestBotTeaching/drivetrain/install/setup.sh'
[48.347s] INFO:colcon.colcon_core.shell:Creating prefix script '/TestBotTeaching/drivetrain/install/local_setup.bash'
[48.379s] INFO:colcon.colcon_core.shell:Creating prefix chain script '/TestBotTeaching/drivetrain/install/setup.bash'
[48.409s] INFO:colcon.colcon_core.shell:Creating prefix script '/TestBotTeaching/drivetrain/install/local_setup.zsh'
[48.441s] INFO:colcon.colcon_core.shell:Creating prefix chain script '/TestBotTeaching/drivetrain/install/setup.zsh'
